Archive member included to satisfy reference by file (symbol)

D:\EVKs\SensorBoard\TestingRev@\MurataVibrationSensorNode_V2.0\MurataVibrationSensorNode_V2.0\Drivers\CMSIS\Lib\GCC\libarm_cortexM4lf_math.a(arm_std_f32.o)
                              ./App/Src/time_domain_statistics.o (arm_std_f32)
D:\EVKs\SensorBoard\TestingRev@\MurataVibrationSensorNode_V2.0\MurataVibrationSensorNode_V2.0\Drivers\CMSIS\Lib\GCC\libarm_cortexM4lf_math.a(arm_rms_f32.o)
                              ./App/Src/time_domain_statistics.o (arm_rms_f32)
D:\EVKs\SensorBoard\TestingRev@\MurataVibrationSensorNode_V2.0\MurataVibrationSensorNode_V2.0\Drivers\CMSIS\Lib\GCC\libarm_cortexM4lf_math.a(arm_max_f32.o)
                              ./App/Src/time_domain_statistics.o (arm_max_f32)
D:\EVKs\SensorBoard\TestingRev@\MurataVibrationSensorNode_V2.0\MurataVibrationSensorNode_V2.0\Drivers\CMSIS\Lib\GCC\libarm_cortexM4lf_math.a(arm_cfft_radix2_init_f32.o)
                              ./App/Src/fft_processing.o (arm_cfft_radix2_init_f32)
D:\EVKs\SensorBoard\TestingRev@\MurataVibrationSensorNode_V2.0\MurataVibrationSensorNode_V2.0\Drivers\CMSIS\Lib\GCC\libarm_cortexM4lf_math.a(arm_cfft_radix2_f32.o)
                              ./App/Src/fft_processing.o (arm_cfft_radix2_f32)
D:\EVKs\SensorBoard\TestingRev@\MurataVibrationSensorNode_V2.0\MurataVibrationSensorNode_V2.0\Drivers\CMSIS\Lib\GCC\libarm_cortexM4lf_math.a(arm_bitreversal.o)
                              D:\EVKs\SensorBoard\TestingRev@\MurataVibrationSensorNode_V2.0\MurataVibrationSensorNode_V2.0\Drivers\CMSIS\Lib\GCC\libarm_cortexM4lf_math.a(arm_cfft_radix2_f32.o) (arm_bitreversal_f32)
D:\EVKs\SensorBoard\TestingRev@\MurataVibrationSensorNode_V2.0\MurataVibrationSensorNode_V2.0\Drivers\CMSIS\Lib\GCC\libarm_cortexM4lf_math.a(arm_cmplx_mag_f32.o)
                              ./App/Src/fft_processing.o (arm_cmplx_mag_f32)
D:\EVKs\SensorBoard\TestingRev@\MurataVibrationSensorNode_V2.0\MurataVibrationSensorNode_V2.0\Drivers\CMSIS\Lib\GCC\libarm_cortexM4lf_math.a(arm_mult_f32.o)
                              ./App/Src/fft_processing.o (arm_mult_f32)
D:\EVKs\SensorBoard\TestingRev@\MurataVibrationSensorNode_V2.0\MurataVibrationSensorNode_V2.0\Drivers\CMSIS\Lib\GCC\libarm_cortexM4lf_math.a(arm_common_tables.o)
                              D:\EVKs\SensorBoard\TestingRev@\MurataVibrationSensorNode_V2.0\MurataVibrationSensorNode_V2.0\Drivers\CMSIS\Lib\GCC\libarm_cortexM4lf_math.a(arm_cfft_radix2_init_f32.o) (twiddleCoef_4096)
c:/st/stm32cubeide_1.7.0/stm32cubeide/plugins/com.st.stm32cube.ide.mcu.externaltools.gnu-tools-for-stm32.9-2020-q2-update.win32_2.0.0.202105311346/tools/bin/../lib/gcc/arm-none-eabi/9.3.1/../../../../arm-none-eabi/lib/thumb/v7e-m+fp/hard\libc_nano.a(lib_a-errno.o)
                              ./Core/Src/retarget.o (__errno)
c:/st/stm32cubeide_1.7.0/stm32cubeide/plugins/com.st.stm32cube.ide.mcu.externaltools.gnu-tools-for-stm32.9-2020-q2-update.win32_2.0.0.202105311346/tools/bin/../lib/gcc/arm-none-eabi/9.3.1/../../../../arm-none-eabi/lib/thumb/v7e-m+fp/hard\libc_nano.a(lib_a-exit.o)
                              c:/st/stm32cubeide_1.7.0/stm32cubeide/plugins/com.st.stm32cube.ide.mcu.externaltools.gnu-tools-for-stm32.9-2020-q2-update.win32_2.0.0.202105311346/tools/bin/../lib/gcc/arm-none-eabi/9.3.1/../../../../arm-none-eabi/lib/thumb/v7e-m+fp/hard/crt0.o (exit)
c:/st/stm32cubeide_1.7.0/stm32cubeide/plugins/com.st.stm32cube.ide.mcu.externaltools.gnu-tools-for-stm32.9-2020-q2-update.win32_2.0.0.202105311346/tools/bin/../lib/gcc/arm-none-eabi/9.3.1/../../../../arm-none-eabi/lib/thumb/v7e-m+fp/hard\libc_nano.a(lib_a-impure.o)
                              c:/st/stm32cubeide_1.7.0/stm32cubeide/plugins/com.st.stm32cube.ide.mcu.externaltools.gnu-tools-for-stm32.9-2020-q2-update.win32_2.0.0.202105311346/tools/bin/../lib/gcc/arm-none-eabi/9.3.1/../../../../arm-none-eabi/lib/thumb/v7e-m+fp/hard\libc_nano.a(lib_a-exit.o) (_global_impure_ptr)
c:/st/stm32cubeide_1.7.0/stm32cubeide/plugins/com.st.stm32cube.ide.mcu.externaltools.gnu-tools-for-stm32.9-2020-q2-update.win32_2.0.0.202105311346/tools/bin/../lib/gcc/arm-none-eabi/9.3.1/../../../../arm-none-eabi/lib/thumb/v7e-m+fp/hard\libc_nano.a(lib_a-init.o)
                              c:/st/stm32cubeide_1.7.0/stm32cubeide/plugins/com.st.stm32cube.ide.mcu.externaltools.gnu-tools-for-stm32.9-2020-q2-update.win32_2.0.0.202105311346/tools/bin/../lib/gcc/arm-none-eabi/9.3.1/../../../../arm-none-eabi/lib/thumb/v7e-m+fp/hard/crt0.o (__libc_init_array)
c:/st/stm32cubeide_1.7.0/stm32cubeide/plugins/com.st.stm32cube.ide.mcu.externaltools.gnu-tools-for-stm32.9-2020-q2-update.win32_2.0.0.202105311346/tools/bin/../lib/gcc/arm-none-eabi/9.3.1/../../../../arm-none-eabi/lib/thumb/v7e-m+fp/hard\libc_nano.a(lib_a-memset.o)
[...]
Memory Configuration

Name             Origin             Length             Attributes
RAM              0x0000000020000000 0x0000000000020000 xrw
RAM2             0x0000000010000000 0x0000000000008000 xrw
FLASH            0x0000000008000000 0x0000000000080000 xr
*default*        0x0000000000000000 0xffffffffffffffff

Linker script and memory map

LOAD c:/st/stm32cubeide_1.7.0/stm32cubeide/plugins/com.st.stm32cube.ide.mcu.externaltools.gnu-tools-for-stm32.9-2020-q2-update.win32_2.0.0.202105311346/tools/bin/../lib/gcc/arm-none-eabi/9.3.1/thumb/v7e-m+fp/hard/crti.o
LOAD c:/st/stm32cubeide_1.7.0/stm32cubeide/plugins/com.st.stm32cube.ide.mcu.externaltools.gnu-tools-for-stm32.9-2020-q2-update.win32_2.0.0.202105311346/tools/bin/../lib/gcc/arm-none-eabi/9.3.1/thumb/v7e-m+fp/hard/crtbegin.o
LOAD c:/st/stm32cubeide_1.7.0/stm32cubeide/plugins/com.st.stm32cube.ide.mcu.externaltools.gnu-tools-for-stm32.9-2020-q2-update.win32_2.0.0.202105311346/tools/bin/../lib/gcc/arm-none-eabi/9.3.1/../../../../arm-none-eabi/lib/thumb/v7e-m+fp/hard/crt0.o
LOAD ./App/Src/app_master.o
LOAD ./App/Src/atcmd.o
LOAD ./App/Src/decimation_filter.o
LOAD ./App/Src/fft_processing.o
LOAD ./App/Src/lora_driver.o
LOAD ./App/Src/master_app.o
LOAD ./App/Src/time_domain_statistics.o
LOAD ./Core/Src/adc_if.o
LOAD ./Core/Src/main.o
LOAD ./Core/Src/retarget.o
LOAD ./Core/Src/rtc_if.o
LOAD ./Core/Src/stm32_lpm_if.o
LOAD ./Core/Src/stm32l4xx_hal_msp.o
LOAD ./Core/Src/stm32l4xx_it.o
LOAD ./Core/Src/sys_app.o
LOAD ./Core/Src/sys_debug.o
LOAD ./Core/Src/sysmem.o
LOAD ./Core/Src/system_stm32l4xx.o
LOAD ./Core/Src/usart.o
LOAD ./Core/Startup/startup_stm32l462ceux.o
LOAD ./Drivers/STM32L4xx_HAL_Driver/Src/stm32l4xx_hal.o
LOAD ./Drivers/STM32L4xx_HAL_Driver/Src/stm32l4xx_hal_adc.o
LOAD ./Drivers/STM32L4xx_HAL_Driver/Src/stm32l4xx_hal_adc_ex.o
LOAD ./Drivers/STM32L4xx_HAL_Driver/Src/stm32l4xx_hal_cortex.o
LOAD ./Drivers/STM32L4xx_HAL_Driver/Src/stm32l4xx_hal_dma.o
LOAD ./Drivers/STM32L4xx_HAL_Driver/Src/stm32l4xx_hal_dma_ex.o
LOAD ./Drivers/STM32L4xx_HAL_Driver/Src/stm32l4xx_hal_exti.o
LOAD ./Drivers/STM32L4xx_HAL_Driver/Src/stm32l4xx_hal_flash.o
LOAD ./Drivers/STM32L4xx_HAL_Driver/Src/stm32l4xx_hal_flash_ex.o
LOAD ./Drivers/STM32L4xx_HAL_Driver/Src/stm32l4xx_hal_flash_ramfunc.o
LOAD ./Drivers/STM32L4xx_HAL_Driver/Src/stm32l4xx_hal_gpio.o
LOAD ./Drivers/STM32L4xx_HAL_Driver/Src/stm32l4xx_hal_i2c.o
LOAD ./Drivers/STM32L4xx_HAL_Driver/Src/stm32l4xx_hal_i2c_ex.o
LOAD ./Drivers/STM32L4xx_HAL_Driver/Src/stm32l4xx_hal_pwr.o
LOAD ./Drivers/STM32L4xx_HAL_Driver/Src/stm32l4xx_hal_pwr_ex.o
LOAD ./Drivers/STM32L4xx_HAL_Driver/Src/stm32l4xx_hal_rcc.o
LOAD ./Drivers/STM32L4xx_HAL_Driver/Src/stm32l4xx_hal_rcc_ex.o
LOAD ./Drivers/STM32L4xx_HAL_Driver/Src/stm32l4xx_hal_rtc.o
LOAD ./Drivers/STM32L4xx_HAL_Driver/Src/stm32l4xx_hal_rtc_ex.o
LOAD ./Drivers/STM32L4xx_HAL_Driver/Src/stm32l4xx_hal_tim.o
LOAD ./Drivers/STM32L4xx_HAL_Driver/Src/stm32l4xx_hal_tim_ex.o
LOAD ./Drivers/STM32L4xx_HAL_Driver/Src/stm32l4xx_hal_uart.o
LOAD ./Drivers/STM32L4xx_HAL_Driver/Src/stm32l4xx_hal_uart_ex.o
LOAD ./Drivers/STM32L4xx_HAL_Driver/Src/stm32l4xx_ll_rtc.o
LOAD ./Utilities/lpm/tiny_lpm/stm32_lpm.o
LOAD ./Utilities/misc/stm32_mem.o
LOAD ./Utilities/misc/stm32_systime.o
LOAD ./Utilities/misc/stm32_tiny_sscanf.o
LOAD ./Utilities/misc/stm32_tiny_vsnprintf.o
LOAD ./Utilities/timer/stm32_timer.o
LOAD D:\EVKs\SensorBoard\TestingRev@\MurataVibrationSensorNode_V2.0\MurataVibrationSensorNode_V2.0\Drivers\CMSIS\Lib\GCC\libarm_cortexM4lf_math.a
START GROUP
LOAD c:/st/stm32cubeide_1.7.0/stm32cubeide/plugins/com.st.stm32cube.ide.mcu.externaltools.gnu-tools-for-stm32.9-2020-q2-update.win32_2.0.0.202105311346/tools/bin/../lib/gcc/arm-none-eabi/9.3.1/../../../../arm-none-eabi/lib/thumb/v7e-m+fp/hard\libc_nano.a
LOAD c:/st/stm32cubeide_1.7.0/stm32cubeide/plugins/com.st.stm32cube.ide.mcu.externaltools.gnu-tools-for-stm32.9-2020-q2-update.win32_2.0.0.202105311346/tools/bin/../lib/gcc/arm-none-eabi/9.3.1/../../../../arm-none-eabi/lib/thumb/v7e-m+fp/hard\libm.a
END GROUP
START GROUP
LOAD c:/st/stm32cubeide_1.7.0/stm32cubeide/plugins/com.st.stm32cube.ide.mcu.externaltools.gnu-tools-for-stm32.9-2020-q2-update.win32_2.0.0.202105311346/tools/bin/../lib/gcc/arm-none-eabi/9.3.1/thumb/v7e-m+fp/hard\libgcc.a
LOAD c:/st/stm32cubeide_1.7.0/stm32cubeide/plugins/com.st.stm32cube.ide.mcu.externaltools.gnu-tools-for-stm32.9-2020-q2-update.win32_2.0.0.202105311346/tools/bin/../lib/gcc/arm-none-eabi/9.3.1/../../../../arm-none-eabi/lib/thumb/v7e-m+fp/hard\libc_nano.a
END GROUP
START GROUP
LOAD c:/st/stm32cubeide_1.7.0/stm32cubeide/plugins/com.st.stm32cube.ide.mcu.externaltools.gnu-tools-for-stm32.9-2020-q2-update.win32_2.0.0.202105311346/tools/bin/../lib/gcc/arm-none-eabi/9.3.1/thumb/v7e-m+fp/hard\libgcc.a
LOAD c:/st/stm32cubeide_1.7.0/stm32cubeide/plugins/com.st.stm32cube.ide.mcu.externaltools.gnu-tools-for-stm32.9-2020-q2-update.win32_2.0.0.202105311346/tools/bin/../lib/gcc/arm-none-eabi/9.3.1/../../../../arm-none-eabi/lib/thumb/v7e-m+fp/hard\libc_nano.a
LOAD c:/st/stm32cubeide_1.7.0/stm32cubeide/plugins/com.st.stm32cube.ide.mcu.externaltools.gnu-tools-for-stm32.9-2020-q2-update.win32_2.0.0.202105311346/tools/bin/../lib/gcc/arm-none-eabi/9.3.1/../../../../arm-none-eabi/lib/thumb/v7e-m+fp/hard\libnosys.a
END GROUP
START GROUP
LOAD c:/st/stm32cubeide_1.7.0/stm32cubeide/plugins/com.st.stm32cube.ide.mcu.externaltools.gnu-tools-for-stm32.9-2020-q2-update.win32_2.0.0.202105311346/tools/bin/../lib/gcc/arm-none-eabi/9.3.1/thumb/v7e-m+fp/hard\libgcc.a
LOAD c:/st/stm32cubeide_1.7.0/stm32cubeide/plugins/com.st.stm32cube.ide.mcu.externaltools.gnu-tools-for-stm32.9-2020-q2-update.win32_2.0.0.202105311346/tools/bin/../lib/gcc/arm-none-eabi/9.3.1/../../../../arm-none-eabi/lib/thumb/v7e-m+fp/hard\libc_nano.a
LOAD c:/st/stm32cubeide_1.7.0/stm32cubeide/plugins/com.st.stm32cube.ide.mcu.externaltools.gnu-tools-for-stm32.9-2020-q2-update.win32_2.0.0.202105311346/tools/bin/../lib/gcc/arm-none-eabi/9.3.1/../../../../arm-none-eabi/lib/thumb/v7e-m+fp/hard\libnosys.a
END GROUP
LOAD c:/st/stm32cubeide_1.7.0/stm32cubeide/plugins/com.st.stm32cube.ide.mcu.externaltools.gnu-tools-for-stm32.9-2020-q2-update.win32_2.0.0.202105311346/tools/bin/../lib/gcc/arm-none-eabi/9.3.1/thumb/v7e-m+fp/hard/crtend.o
LOAD c:/st/stm32cubeide_1.7.0/stm32cubeide/plugins/com.st.stm32cube.ide.mcu.externaltools.gnu-tools-for-stm32.9-2020-q2-update.win32_2.0.0.202105311346/tools/bin/../lib/gcc/arm-none-eabi/9.3.1/thumb/v7e-m+fp/hard/crtn.o
                0x0000000020020000                _estack = (ORIGIN (RAM) + LENGTH (RAM))
                0x0000000000000200                _Min_Heap_Size = 0x200
                0x0000000000000400                _Min_Stack_Size = 0x400

.isr_vector     0x0000000008000000      0x194
                0x0000000008000000                . = ALIGN (0x4)
 *(.isr_vector)
 .isr_vector    0x0000000008000000      0x194 ./Core/Startup/startup_stm32l462ceux.o
                0x0000000008000000                g_pfnVectors
                0x0000000008000194                . = ALIGN (0x4)

.text           0x00000000080001a0    0x11008
                0x00000000080001a0                . = ALIGN (0x4)
 *(.text)
 .text          0x00000000080001a0       0x40 c:/st/stm32cubeide_1.7.0/stm32cubeide/plugins/com.st.stm32cube.ide.mcu.externaltools.gnu-tools-for-stm32.9-2020-q2-update.win32_2.0.0.202105311346/tools/bin/../lib/gcc/arm-none-eabi/9.3.1/thumb/v7e-m+fp/hard/crtbegin.o
 .text          0x00000000080001e0       0x10 c:/st/stm32cubeide_1.7.0/stm32cubeide/plugins/com.st.stm32cube.ide.mcu.externaltools.gnu-tools-for-stm32.9-2020-q2-update.win32_2.0.0.202105311346/tools/bin/../lib/gcc/arm-none-eabi/9.3.1/../../../../arm-none-eabi/lib/thumb/v7e-m+fp/hard\libc_nano.a(lib_a-strlen.o)
                0x00000000080001e0                strlen
 .text          0x00000000080001f0       0xa0 c:/st/stm32cubeide_1.7.0/stm32cubeide/plugins/com.st.stm32cube.ide.mcu.externaltools.gnu-tools-for-stm32.9-2020-q2-update.win32_2.0.0.202105311346/tools/bin/../lib/gcc/arm-none-eabi/9.3.1/../../../../arm-none-eabi/lib/thumb/v7e-m+fp/hard\libc_nano.a(lib_a-memchr.o)
                0x00000000080001f0                memchr
 .text          0x0000000008000290      0x378 c:/st/stm32cubeide_1.7.0/stm32cubeide/plugins/com.st.stm32cube.ide.mcu.externaltools.gnu-tools-for-stm32.9-2020-q2-update.win32_2.0.0.202105311346/tools/bin/../lib/gcc/arm-none-eabi/9.3.1/thumb/v7e-m+fp/hard\libgcc.a(_arm_addsubdf3.o)
                0x0000000008000290                __aeabi_drsub
                0x0000000008000298                __aeabi_dsub
                0x0000000008000298                __subdf3
                0x000000000800029c                __aeabi_dadd
                0x000000000800029c                __adddf3
                0x0000000008000514                __floatunsidf
                0x0000000008000514                __aeabi_ui2d
                0x0000000008000534                __floatsidf
                0x0000000008000534                __aeabi_i2d
                0x0000000008000558                __aeabi_f2d
                0x0000000008000558                __extendsfdf2
                0x000000000800059c                __floatundidf
                0x000000000800059c                __aeabi_ul2d
                0x00000000080005ac                __floatdidf
                0x00000000080005ac                __aeabi_l2d
 .text          0x0000000008000608      0x424 c:/st/stm32cubeide_1.7.0/stm32cubeide/plugins/com.st.stm32cube.ide.mcu.externaltools.gnu-tools-for-stm32.9-2020-q2-update.win32_2.0.0.202105311346/tools/bin/../lib/gcc/arm-none-eabi/9.3.1/thumb/v7e-m+fp/hard\libgcc.a(_arm_muldivdf3.o)
                0x0000000008000608                __aeabi_dmul
                0x0000000008000608                __muldf3
                0x000000000800085c                __divdf3
                0x000000000800085c                __aeabi_ddiv
 .text          0x0000000008000a2c      0x110 c:/st/stm32cubeide_1.7.0/stm32cubeide/plugins/com.st.stm32cube.ide.mcu.externaltools.gnu-tools-for-stm32.9-2020-q2-update.win32_2.0.0.202105311346/tools/bin/../lib/gcc/arm-none-eabi/9.3.1/thumb/v7e-m+fp/hard\libgcc.a(_arm_cmpdf2.o)
                0x0000000008000a2c                __gtdf2
                0x0000000008000a2c                __gedf2
                0x0000000008000a34                __ltdf2
                0x0000000008000a34                __ledf2
                0x0000000008000a3c                __nedf2
                0x0000000008000a3c                __eqdf2
                0x0000000008000a3c                __cmpdf2
                0x0000000008000ab8                __aeabi_cdrcmple
                0x0000000008000ac8                __aeabi_cdcmpeq
                0x0000000008000ac8                __aeabi_cdcmple
                0x0000000008000ad8                __aeabi_dcmpeq
                0x0000000008000aec                __aeabi_dcmplt
                0x0000000008000b00                __aeabi_dcmple
                0x0000000008000b14                __aeabi_dcmpge
                0x0000000008000b28                __aeabi_dcmpgt
 .text          0x0000000008000b3c       0x2c c:/st/stm32cubeide_1.7.0/stm32cubeide/plugins/com.st.stm32cube.ide.mcu.externaltools.gnu-tools-for-stm32.9-2020-q2-update.win32_2.0.0.202105311346/tools/bin/../lib/gcc/arm-none-eabi/9.3.1/thumb/v7e-m+fp/hard\libgcc.a(_arm_unorddf2.o)
                0x0000000008000b3c                __unorddf2
                0x0000000008000b3c                __aeabi_dcmpun
 .text          0x0000000008000b68       0x50 c:/st/stm32cubeide_1.7.0/stm32cubeide/plugins/com.st.stm32cube.ide.mcu.externaltools.gnu-tools-for-stm32.9-2020-q2-update.win32_2.0.0.202105311346/tools/bin/../lib/gcc/arm-none-eabi/9.3.1/thumb/v7e-m+fp/hard\libgcc.a(_arm_fixdfsi.o)
                0x0000000008000b68                __aeabi_d2iz
                0x0000000008000b68                __fixdfsi
 .text          0x0000000008000bb8       0xa0 c:/st/stm32cubeide_1.7.0/stm32cubeide/plugins/com.st.stm32cube.ide.mcu.externaltools.gnu-tools-for-stm32.9-2020-q2-update.win32_2.0.0.202105311346/tools/bin/../lib/gcc/arm-none-eabi/9.3.1/thumb/v7e-m+fp/hard\libgcc.a(_arm_truncdfsf2.o)
                0x0000000008000bb8                __truncdfsf2
                0x0000000008000bb8                __aeabi_d2f
 .text          0x0000000008000c58       0x30 c:/st/stm32cubeide_1.7.0/stm32cubeide/plugins/com.st.stm32cube.ide.mcu.externaltools.gnu-tools-for-stm32.9-2020-q2-update.win32_2.0.0.202105311346/tools/bin/../lib/gcc/arm-none-eabi/9.3.1/thumb/v7e-m+fp/hard\libgcc.a(_aeabi_uldivmod.o)
                0x0000000008000c58                __aeabi_uldivmod
 .text          0x0000000008000c88      0x2c4 c:/st/stm32cubeide_1.7.0/stm32cubeide/plugins/com.st.stm32cube.ide.mcu.externaltools.gnu-tools-for-stm32.9-2020-q2-update.win32_2.0.0.202105311346/tools/bin/../lib/gcc/arm-none-eabi/9.3.1/thumb/v7e-m+fp/hard\libgcc.a(_udivmoddi4.o)
                0x0000000008000c88                __udivmoddi4
 .text          0x0000000008000f4c        0x4 c:/st/stm32cubeide_1.7.0/stm32cubeide/plugins/com.st.stm32cube.ide.mcu.externaltools.gnu-tools-for-stm32.9-2020-q2-update.win32_2.0.0.202105311346/tools/bin/../lib/gcc/arm-none-eabi/9.3.1/thumb/v7e-m+fp/hard\libgcc.a(_dvmd_tls.o)
                0x0000000008000f4c                __aeabi_idiv0
                0x0000000008000f4c                __aeabi_ldiv0
 *(.text*)
 .text.MX_Master_Init
                0x0000000008000f50       0x10 ./App/Src/app_master.o
                0x0000000008000f50                MX_Master_Init
 .text.MX_Master_Process
                0x0000000008000f60       0x4c ./App/Src/app_master.o
                0x0000000008000f60                MX_Master_Process
 .text.Modem_IO_Init
                0x0000000008000fac       0x10 ./App/Src/atcmd.o
                0x0000000008000fac                Modem_IO_Init
 .text.Modem_AT_Cmd
                0x0000000008000fbc      0x104 ./App/Src/atcmd.o
                0x0000000008000fbc                Modem_AT_Cmd
 .text.at_cmd_format
                0x00000000080010c0      0x580 ./App/Src/atcmd.o
 .text.at_cmd_send
                0x0000000008001640       0x30 ./App/Src/atcmd.o
 .text.at_cmd_receive
                0x0000000008001670      0x150 ./App/Src/atcmd.o
 .text.at_cmd_receive_async_event
                0x00000000080017c0      0x120 ./App/Src/atcmd.o
 .text.at_cmd_responseAnalysing
                0x00000000080018e0       0x78 ./App/Src/atcmd.o
 .text.at_cmd_AsyncEventAnalysing
                0x0000000008001958       0xb0 ./App/Src/atcmd.o
 .text.at_cmd_vprintf
                0x0000000008001a08       0x48 ./App/Src/atcmd.o
                0x0000000008001a08                at_cmd_vprintf
 .text.FFT_PROCESSING_F32Process
                0x0000000008001a50      0x41c ./App/Src/fft_processing.o
                0x0000000008001a50                FFT_PROCESSING_F32Process
 .text.find_peaks
                0x0000000008001e6c       0x42 ./App/Src/fft_processing.o
                0x0000000008001e6c                find_peaks
 .text.peaks_above_min_height
                0x0000000008001eae      0x11e ./App/Src/fft_processing.o
                0x0000000008001eae                peaks_above_min_height
 .text.remove_close_peaks
                0x0000000008001fcc       0xdc ./App/Src/fft_processing.o
                0x0000000008001fcc                remove_close_peaks
 .text.sort_indices_descend
                0x00000000080020a8       0xa2 ./App/Src/fft_processing.o
                0x00000000080020a8                sort_indices_descend
 .text.Lora_Init
                0x000000000800214a       0x30 ./App/Src/lora_driver.o
                0x000000000800214a                Lora_Init
 .text.Lora_Join
                0x000000000800217a       0x36 ./App/Src/lora_driver.o
                0x000000000800217a                Lora_Join
 .text.Lora_JoinAccept
                0x00000000080021b0       0x3a ./App/Src/lora_driver.o
                0x00000000080021b0                Lora_JoinAccept
 *fill*         0x00000000080021ea        0x2 
 .text.LoRa_GetAppID
                0x00000000080021ec       0x68 ./App/Src/lora_driver.o
                0x00000000080021ec                LoRa_GetAppID
 .text.LoRa_GetDeviceID
                0x0000000008002254       0x68 ./App/Src/lora_driver.o
                0x0000000008002254                LoRa_GetDeviceID
 .text.Lora_SetAdaptiveDataRate
                0x00000000080022bc       0x24 ./App/Src/lora_driver.o
                0x00000000080022bc                Lora_SetAdaptiveDataRate
 .text.Lora_SetDataRate
                0x00000000080022e0       0x24 ./App/Src/lora_driver.o
                0x00000000080022e0                Lora_SetDataRate
 .text.Lora_SendDataBin
                0x0000000008002304       0x20 ./App/Src/lora_driver.o
                0x0000000008002304                Lora_SendDataBin
 .text.Lora_fsm
                0x0000000008002324      0x128 ./App/Src/lora_driver.o
                0x0000000008002324                Lora_fsm
 .text.Lora_Ctx_Init
                0x000000000800244c       0x2c ./App/Src/lora_driver.o
                0x000000000800244c                Lora_Ctx_Init
 .text.lora_getDeviceState
                0x0000000008002478       0x18 ./App/Src/lora_driver.o
                0x0000000008002478                lora_getDeviceState
 .text.lora_getDeviceSubState
                0x0000000008002490       0x18 ./App/Src/lora_driver.o
                0x0000000008002490                lora_getDeviceSubState
 .text.HAL_RTCEx_WakeUpTimerEventCallback
                0x00000000080024a8       0x28 ./App/Src/lora_driver.o
                0x00000000080024a8                HAL_RTCEx_WakeUpTimerEventCallback
 .text.MasterApp_Init
                0x00000000080024d0       0x1c ./App/Src/master_app.o
                0x00000000080024d0                MasterApp_Init
 .text.SensorMeasureData
                0x00000000080024ec      0x188 ./App/Src/master_app.o
 .text.TIME_DOMAIN_PROCESSING
                0x0000000008002674       0x98 ./App/Src/time_domain_statistics.o
                0x0000000008002674                TIME_DOMAIN_PROCESSING
 *fill*         0x000000000800270c        0x4 
 .text.SYS_GetTemperatureLevel
                0x0000000008002710      0x11c ./Core/Src/adc_if.o
                0x0000000008002710                SYS_GetTemperatureLevel
 *fill*         0x000000000800282c        0x4 
 .text.SYS_GetVibrationData
                0x0000000008002830      0x110 ./Core/Src/adc_if.o
                0x0000000008002830                SYS_GetVibrationData
 .text.ADC_ReadChannel_Temp
                0x0000000008002940       0x5c ./Core/Src/adc_if.o
 .text.HAL_ADC_ConvCpltCallback
                0x000000000800299c       0x30 ./Core/Src/adc_if.o
                0x000000000800299c                HAL_ADC_ConvCpltCallback
 .text.main     0x00000000080029cc       0x40 ./Core/Src/main.o
                0x00000000080029cc                main
 .text.SystemClock_Config
                0x0000000008002a0c       0x9a ./Core/Src/main.o
                0x0000000008002a0c                SystemClock_Config
 *fill*         0x0000000008002aa6        0x2 
 .text.MX_ADC1_Init
                0x0000000008002aa8       0xdc ./Core/Src/main.o
                0x0000000008002aa8                MX_ADC1_Init
 .text.MX_LPUART1_UART_Init
                0x0000000008002b84       0x58 ./Core/Src/main.o
                0x0000000008002b84                MX_LPUART1_UART_Init
 .text.MX_USART1_UART_Init
                0x0000000008002bdc       0x60 ./Core/Src/main.o
                0x0000000008002bdc                MX_USART1_UART_Init
 .text.MX_RTC_Init
                0x0000000008002c3c      0x120 ./Core/Src/main.o
                0x0000000008002c3c                MX_RTC_Init
 .text.MX_TIM1_Init
                0x0000000008002d5c      0x154 ./Core/Src/main.o
                0x0000000008002d5c                MX_TIM1_Init
 .text.MX_DMA_Init
                0x0000000008002eb0       0x3c ./Core/Src/main.o
                0x0000000008002eb0                MX_DMA_Init
 .text.MX_GPIO_Init
                0x0000000008002eec       0xc8 ./Core/Src/main.o
                0x0000000008002eec                MX_GPIO_Init
 .text.MX_ADC1_Init_Temp
                0x0000000008002fb4       0xd8 ./Core/Src/main.o
                0x0000000008002fb4                MX_ADC1_Init_Temp
 .text.Error_Handler
                0x000000000800308c        0xa ./Core/Src/main.o
                0x000000000800308c                Error_Handler
 *fill*         0x0000000008003096        0x2 
 .text.RetargetInit
                0x0000000008003098       0x30 ./Core/Src/retarget.o
                0x0000000008003098                RetargetInit
 .text._isatty  0x00000000080030c8       0x2c ./Core/Src/retarget.o
                0x00000000080030c8                _isatty
 .text._write   0x00000000080030f4       0x58 ./Core/Src/retarget.o
                0x00000000080030f4                _write
 .text._close   0x000000000800314c       0x2e ./Core/Src/retarget.o
                0x000000000800314c                _close
 .text._lseek   0x000000000800317a       0x22 ./Core/Src/retarget.o
                0x000000000800317a                _lseek
 .text._read    0x000000000800319c       0x50 ./Core/Src/retarget.o
                0x000000000800319c                _read
 .text._fstat   0x00000000080031ec       0x36 ./Core/Src/retarget.o
                0x00000000080031ec                _fstat
 .text.LL_RTC_TIME_GetSubSecond
                0x0000000008003222       0x1a ./Core/Src/rtc_if.o
 .text.RTC_IF_Init
                0x000000000800323c       0x60 ./Core/Src/rtc_if.o
                0x000000000800323c                RTC_IF_Init
 .text.RTC_IF_StartTimer
                0x000000000800329c       0x60 ./Core/Src/rtc_if.o
                0x000000000800329c                RTC_IF_StartTimer
 .text.RTC_IF_StopTimer
                0x00000000080032fc       0x2c ./Core/Src/rtc_if.o
                0x00000000080032fc                RTC_IF_StopTimer
 .text.RTC_IF_SetTimerContext
                0x0000000008003328       0x28 ./Core/Src/rtc_if.o
                0x0000000008003328                RTC_IF_SetTimerContext
 .text.RTC_IF_GetTimerContext
                0x0000000008003350       0x18 ./Core/Src/rtc_if.o
                0x0000000008003350                RTC_IF_GetTimerContext
 .text.RTC_IF_GetTimerElapsedTime
                0x0000000008003368       0x2c ./Core/Src/rtc_if.o
                0x0000000008003368                RTC_IF_GetTimerElapsedTime
 .text.RTC_IF_GetTimerValue
                0x0000000008003394       0x30 ./Core/Src/rtc_if.o
                0x0000000008003394                RTC_IF_GetTimerValue
 .text.RTC_IF_GetMinimumTimeout
                0x00000000080033c4       0x10 ./Core/Src/rtc_if.o
                0x00000000080033c4                RTC_IF_GetMinimumTimeout
 .text.RTC_IF_Convert_ms2Tick
                0x00000000080033d4       0x3a ./Core/Src/rtc_if.o
                0x00000000080033d4                RTC_IF_Convert_ms2Tick
 .text.RTC_IF_Convert_Tick2ms
                0x000000000800340e       0x70 ./Core/Src/rtc_if.o
                0x000000000800340e                RTC_IF_Convert_Tick2ms
 .text.RTC_IF_DelayMs
                0x000000000800347e       0x3c ./Core/Src/rtc_if.o
                0x000000000800347e                RTC_IF_DelayMs
 .text.HAL_RTC_AlarmAEventCallback
                0x00000000080034ba       0x14 ./Core/Src/rtc_if.o
                0x00000000080034ba                HAL_RTC_AlarmAEventCallback
 *fill*         0x00000000080034ce        0x2 
 .text.RTC_StartWakeUpAlarm
                0x00000000080034d0      0x1f0 ./Core/Src/rtc_if.o
 .text.RTC_GetCalendarValue
                0x00000000080036c0      0x114 ./Core/Src/rtc_if.o
 .text.PWR_EnterOffMode
                0x00000000080037d4        0xe ./Core/Src/stm32_lpm_if.o
                0x00000000080037d4                PWR_EnterOffMode
 .text.PWR_ExitOffMode
                0x00000000080037e2        0xe ./Core/Src/stm32_lpm_if.o
                0x00000000080037e2                PWR_ExitOffMode
 .text.PWR_ExitSleepMode
                0x00000000080037f0        0xc ./Core/Src/stm32_lpm_if.o
                0x00000000080037f0                PWR_ExitSleepMode
 .text.PWR_EnterStopMode
                0x00000000080037fc       0x5c ./Core/Src/stm32_lpm_if.o
                0x00000000080037fc                PWR_EnterStopMode
 .text.PWR_ExitStopMode
                0x0000000008003858       0x54 ./Core/Src/stm32_lpm_if.o
                0x0000000008003858                PWR_ExitStopMode
 .text.PWR_EnterSleepMode
                0x00000000080038ac       0x10 ./Core/Src/stm32_lpm_if.o
                0x00000000080038ac                PWR_EnterSleepMode
 .text.HAL_MspInit
                0x00000000080038bc       0x48 ./Core/Src/stm32l4xx_hal_msp.o
                0x00000000080038bc                HAL_MspInit
 .text.HAL_ADC_MspInit
                0x0000000008003904      0x10c ./Core/Src/stm32l4xx_hal_msp.o
                0x0000000008003904                HAL_ADC_MspInit
 .text.HAL_ADC_MspDeInit
                0x0000000008003a10       0x44 ./Core/Src/stm32l4xx_hal_msp.o
                0x0000000008003a10                HAL_ADC_MspDeInit
 .text.HAL_UART_MspInit
                0x0000000008003a54      0x154 ./Core/Src/stm32l4xx_hal_msp.o
                0x0000000008003a54                HAL_UART_MspInit
 .text.HAL_UART_MspDeInit
                0x0000000008003ba8       0x68 ./Core/Src/stm32l4xx_hal_msp.o
                0x0000000008003ba8                HAL_UART_MspDeInit
 .text.HAL_RTC_MspInit
                0x0000000008003c10       0x80 ./Core/Src/stm32l4xx_hal_msp.o
                0x0000000008003c10                HAL_RTC_MspInit
 .text.HAL_TIM_Base_MspInit
                0x0000000008003c90       0x40 ./Core/Src/stm32l4xx_hal_msp.o
                0x0000000008003c90                HAL_TIM_Base_MspInit
 .text.HAL_TIM_Base_MspDeInit
                0x0000000008003cd0       0x34 ./Core/Src/stm32l4xx_hal_msp.o
                0x0000000008003cd0                HAL_TIM_Base_MspDeInit
 .text.NMI_Handler
                0x0000000008003d04        0x6 ./Core/Src/stm32l4xx_it.o
                0x0000000008003d04                NMI_Handler
 .text.HardFault_Handler
                0x0000000008003d0a        0x6 ./Core/Src/stm32l4xx_it.o
                0x0000000008003d0a                HardFault_Handler
 .text.MemManage_Handler
                0x0000000008003d10        0x6 ./Core/Src/stm32l4xx_it.o
                0x0000000008003d10                MemManage_Handler
 .text.BusFault_Handler
                0x0000000008003d16        0x6 ./Core/Src/stm32l4xx_it.o
                0x0000000008003d16                BusFault_Handler
 .text.UsageFault_Handler
                0x0000000008003d1c        0x6 ./Core/Src/stm32l4xx_it.o
                0x0000000008003d1c                UsageFault_Handler
 .text.SVC_Handler
                0x0000000008003d22        0xe ./Core/Src/stm32l4xx_it.o
                0x0000000008003d22                SVC_Handler
 .text.DebugMon_Handler
                0x0000000008003d30        0xe ./Core/Src/stm32l4xx_it.o
                0x0000000008003d30                DebugMon_Handler
 .text.PendSV_Handler
                0x0000000008003d3e        0xe ./Core/Src/stm32l4xx_it.o
                0x0000000008003d3e                PendSV_Handler
 .text.SysTick_Handler
                0x0000000008003d4c        0xc ./Core/Src/stm32l4xx_it.o
                0x0000000008003d4c                SysTick_Handler
 .text.RTC_WKUP_IRQHandler
                0x0000000008003d58       0x14 ./Core/Src/stm32l4xx_it.o
                0x0000000008003d58                RTC_WKUP_IRQHandler
 .text.DMA1_Channel1_IRQHandler
                0x0000000008003d6c       0x14 ./Core/Src/stm32l4xx_it.o
                0x0000000008003d6c                DMA1_Channel1_IRQHandler
 .text.RTC_Alarm_IRQHandler
                0x0000000008003d80       0x14 ./Core/Src/stm32l4xx_it.o
                0x0000000008003d80                RTC_Alarm_IRQHandler
 .text.LPUART1_IRQHandler
                0x0000000008003d94       0x14 ./Core/Src/stm32l4xx_it.o
                0x0000000008003d94                LPUART1_IRQHandler
 .text.SystemApp_Init
                0x0000000008003da8       0x1c ./Core/Src/sys_app.o
                0x0000000008003da8                SystemApp_Init
 .text.HW_IoInit
                0x0000000008003dc4       0x20 ./Core/Src/sys_app.o
                0x0000000008003dc4                HW_IoInit
 .text.HW_IoDeInit
                0x0000000008003de4       0x40 ./Core/Src/sys_app.o
                0x0000000008003de4                HW_IoDeInit
 .text.GetTemperatureLevel
                0x0000000008003e24       0x24 ./Core/Src/sys_app.o
                0x0000000008003e24                GetTemperatureLevel
 .text.GetVibrationData
                0x0000000008003e48       0x16 ./Core/Src/sys_app.o
                0x0000000008003e48                GetVibrationData
 *fill*         0x0000000008003e5e        0x2 
 .text.Gpio_PreInit
                0x0000000008003e60      0x104 ./Core/Src/sys_app.o
                0x0000000008003e60                Gpio_PreInit
 .text.HAL_InitTick
                0x0000000008003f64       0x16 ./Core/Src/sys_app.o
                0x0000000008003f64                HAL_InitTick
 .text.HAL_GetTick
                0x0000000008003f7a        0xe ./Core/Src/sys_app.o
                0x0000000008003f7a                HAL_GetTick
 .text.HAL_Delay
                0x0000000008003f88       0x18 ./Core/Src/sys_app.o
                0x0000000008003f88                HAL_Delay
 .text.DBG_Init
                0x0000000008003fa0       0x6c ./Core/Src/sys_debug.o
                0x0000000008003fa0                DBG_Init
 .text._sbrk    0x000000000800400c       0x6c ./Core/Src/sysmem.o
                0x000000000800400c                _sbrk
 .text.SystemInit
                0x0000000008004078       0x24 ./Core/Src/system_stm32l4xx.o
                0x0000000008004078                SystemInit
 .text.HW_UART_Modem_IRQHandler
                0x000000000800409c      0x146 ./Core/Src/usart.o
                0x000000000800409c                HW_UART_Modem_IRQHandler
 *fill*         0x00000000080041e2        0x2 
 .text.HW_UART_Modem_IsNewCharReceived
                0x00000000080041e4       0x4c ./Core/Src/usart.o
                0x00000000080041e4                HW_UART_Modem_IsNewCharReceived
 .text.HW_UART_Modem_GetNewChar
                0x0000000008004230       0x64 ./Core/Src/usart.o
                0x0000000008004230                HW_UART_Modem_GetNewChar
 .text.receive  0x0000000008004294       0x50 ./Core/Src/usart.o
 .text.Reset_Handler
                0x00000000080042e4       0x50 ./Core/Startup/startup_stm32l462ceux.o
                0x00000000080042e4                Reset_Handler
 .text.Default_Handler
                0x0000000008004334        0x2 ./Core/Startup/startup_stm32l462ceux.o
                0x0000000008004334                EXTI2_IRQHandler
                0x0000000008004334                TIM1_CC_IRQHandler
                0x0000000008004334                TSC_IRQHandler
                0x0000000008004334                TAMP_STAMP_IRQHandler
                0x0000000008004334                EXTI3_IRQHandler
                0x0000000008004334                LPTIM2_IRQHandler
                0x0000000008004334                DFSDM1_FLT1_IRQHandler
                0x0000000008004334                I2C3_ER_IRQHandler
                0x0000000008004334                EXTI0_IRQHandler
                0x0000000008004334                I2C2_EV_IRQHandler
                0x0000000008004334                CAN1_RX0_IRQHandler
                0x0000000008004334                FPU_IRQHandler
                0x0000000008004334                TIM1_UP_TIM16_IRQHandler
                0x0000000008004334                SPI1_IRQHandler
                0x0000000008004334                TIM6_DAC_IRQHandler
                0x0000000008004334                DMA2_Channel2_IRQHandler
                0x0000000008004334                DMA1_Channel4_IRQHandler
                0x0000000008004334                ADC1_IRQHandler
                0x0000000008004334                USART3_IRQHandler
                0x0000000008004334                DMA1_Channel7_IRQHandler
                0x0000000008004334                CAN1_RX1_IRQHandler
                0x0000000008004334                DMA2_Channel1_IRQHandler
                0x0000000008004334                QUADSPI_IRQHandler
                0x0000000008004334                I2C1_EV_IRQHandler
                0x0000000008004334                DMA1_Channel6_IRQHandler
                0x0000000008004334                UART4_IRQHandler
                0x0000000008004334                DMA2_Channel4_IRQHandler
                0x0000000008004334                TIM3_IRQHandler
                0x0000000008004334                RCC_IRQHandler
                0x0000000008004334                TIM1_TRG_COM_IRQHandler
                0x0000000008004334                Default_Handler
                0x0000000008004334                DMA2_Channel7_IRQHandler
                0x0000000008004334                EXTI15_10_IRQHandler
                0x0000000008004334                SDMMC1_IRQHandler
                0x0000000008004334                I2C3_EV_IRQHandler
                0x0000000008004334                USB_IRQHandler
                0x0000000008004334                EXTI9_5_IRQHandler
                0x0000000008004334                PVD_PVM_IRQHandler
                0x0000000008004334                SPI2_IRQHandler
                0x0000000008004334                CAN1_TX_IRQHandler
                0x0000000008004334                DMA2_Channel5_IRQHandler
                0x0000000008004334                CRS_IRQHandler
                0x0000000008004334                DMA1_Channel5_IRQHandler
                0x0000000008004334                EXTI4_IRQHandler
                0x0000000008004334                RNG_IRQHandler
                0x0000000008004334                DMA1_Channel3_IRQHandler
                0x0000000008004334                COMP_IRQHandler
                0x0000000008004334                WWDG_IRQHandler
                0x0000000008004334                I2C4_EV_IRQHandler
                0x0000000008004334                DMA2_Channel6_IRQHandler
                0x0000000008004334                TIM2_IRQHandler
                0x0000000008004334                EXTI1_IRQHandler
                0x0000000008004334                AES_IRQHandler
                0x0000000008004334                USART2_IRQHandler
                0x0000000008004334                DFSDM1_FLT0_IRQHandler
                0x0000000008004334                I2C2_ER_IRQHandler
                0x0000000008004334                DMA1_Channel2_IRQHandler
                0x0000000008004334                CAN1_SCE_IRQHandler
                0x0000000008004334                FLASH_IRQHandler
                0x0000000008004334                USART1_IRQHandler
                0x0000000008004334                SPI3_IRQHandler
                0x0000000008004334                I2C1_ER_IRQHandler
                0x0000000008004334                LPTIM1_IRQHandler
                0x0000000008004334                I2C4_ER_IRQHandler
                0x0000000008004334                SAI1_IRQHandler
                0x0000000008004334                DMA2_Channel3_IRQHandler
                0x0000000008004334                TIM1_BRK_TIM15_IRQHandler
 .text.HAL_Init
                0x0000000008004336       0x30 ./Drivers/STM32L4xx_HAL_Driver/Src/stm32l4xx_hal.o
                0x0000000008004336                HAL_Init
 *fill*         0x0000000008004366        0x2 
 .text.HAL_IncTick
                0x0000000008004368       0x28 ./Drivers/STM32L4xx_HAL_Driver/Src/stm32l4xx_hal.o
                0x0000000008004368                HAL_IncTick
 .text.HAL_SuspendTick
                0x0000000008004390       0x20 ./Drivers/STM32L4xx_HAL_Driver/Src/stm32l4xx_hal.o
                0x0000000008004390                HAL_SuspendTick
 .text.HAL_ResumeTick
                0x00000000080043b0       0x20 ./Drivers/STM32L4xx_HAL_Driver/Src/stm32l4xx_hal.o
                0x00000000080043b0                HAL_ResumeTick
 .text.HAL_DBGMCU_DisableDBGSleepMode
                0x00000000080043d0       0x20 ./Drivers/STM32L4xx_HAL_Driver/Src/stm32l4xx_hal.o
                0x00000000080043d0                HAL_DBGMCU_DisableDBGSleepMode
 .text.HAL_DBGMCU_DisableDBGStopMode
                0x00000000080043f0       0x20 ./Drivers/STM32L4xx_HAL_Driver/Src/stm32l4xx_hal.o
                0x00000000080043f0                HAL_DBGMCU_DisableDBGStopMode
 .text.HAL_DBGMCU_DisableDBGStandbyMode
                0x0000000008004410       0x20 ./Drivers/STM32L4xx_HAL_Driver/Src/stm32l4xx_hal.o
                0x0000000008004410                HAL_DBGMCU_DisableDBGStandbyMode
 .text.LL_ADC_SetCommonClock
                0x0000000008004430       0x26 ./Drivers/STM32L4xx_HAL_Driver/Src/stm32l4xx_hal_adc.o
 .text.LL_ADC_SetCommonPathInternalCh
                0x0000000008004456       0x26 ./Drivers/STM32L4xx_HAL_Driver/Src/stm32l4xx_hal_adc.o
 .text.LL_ADC_GetCommonPathInternalCh
                0x000000000800447c       0x1c ./Drivers/STM32L4xx_HAL_Driver/Src/stm32l4xx_hal_adc.o
 .text.LL_ADC_SetOffset
                0x0000000008004498       0x48 ./Drivers/STM32L4xx_HAL_Driver/Src/stm32l4xx_hal_adc.o
 .text.LL_ADC_GetOffsetChannel
                0x00000000080044e0       0x2c ./Drivers/STM32L4xx_HAL_Driver/Src/stm32l4xx_hal_adc.o
 .text.LL_ADC_SetOffsetState
                0x000000000800450c       0x36 ./Drivers/STM32L4xx_HAL_Driver/Src/stm32l4xx_hal_adc.o
 .text.LL_ADC_SetSamplingTimeCommonConfig
                0x0000000008004542       0x26 ./Drivers/STM32L4xx_HAL_Driver/Src/stm32l4xx_hal_adc.o
 .text.LL_ADC_REG_IsTriggerSourceSWStart
                0x0000000008004568       0x26 ./Drivers/STM32L4xx_HAL_Driver/Src/stm32l4xx_hal_adc.o
 .text.LL_ADC_REG_SetSequencerRanks
                0x000000000800458e       0x58 ./Drivers/STM32L4xx_HAL_Driver/Src/stm32l4xx_hal_adc.o
 .text.LL_ADC_SetChannelSamplingTime
                0x00000000080045e6       0x56 ./Drivers/STM32L4xx_HAL_Driver/Src/stm32l4xx_hal_adc.o
 .text.LL_ADC_SetChannelSingleDiff
                0x000000000800463c       0x48 ./Drivers/STM32L4xx_HAL_Driver/Src/stm32l4xx_hal_adc.o
 .text.LL_ADC_DisableDeepPowerDown
                0x0000000008004684       0x24 ./Drivers/STM32L4xx_HAL_Driver/Src/stm32l4xx_hal_adc.o
 .text.LL_ADC_IsDeepPowerDownEnabled
                0x00000000080046a8       0x28 ./Drivers/STM32L4xx_HAL_Driver/Src/stm32l4xx_hal_adc.o
 .text.LL_ADC_EnableInternalRegulator
                0x00000000080046d0       0x28 ./Drivers/STM32L4xx_HAL_Driver/Src/stm32l4xx_hal_adc.o
 .text.LL_ADC_IsInternalRegulatorEnabled
                0x00000000080046f8       0x28 ./Drivers/STM32L4xx_HAL_Driver/Src/stm32l4xx_hal_adc.o
 .text.LL_ADC_Enable
                0x0000000008004720       0x28 ./Drivers/STM32L4xx_HAL_Driver/Src/stm32l4xx_hal_adc.o
 .text.LL_ADC_Disable
                0x0000000008004748       0x28 ./Drivers/STM32L4xx_HAL_Driver/Src/stm32l4xx_hal_adc.o
 .text.LL_ADC_IsEnabled
                0x0000000008004770       0x26 ./Drivers/STM32L4xx_HAL_Driver/Src/stm32l4xx_hal_adc.o
 .text.LL_ADC_IsDisableOngoing
                0x0000000008004796       0x26 ./Drivers/STM32L4xx_HAL_Driver/Src/stm32l4xx_hal_adc.o
 .text.LL_ADC_REG_StartConversion
                0x00000000080047bc       0x28 ./Drivers/STM32L4xx_HAL_Driver/Src/stm32l4xx_hal_adc.o
 .text.LL_ADC_REG_StopConversion
                0x00000000080047e4       0x28 ./Drivers/STM32L4xx_HAL_Driver/Src/stm32l4xx_hal_adc.o
 .text.LL_ADC_REG_IsConversionOngoing
                0x000000000800480c       0x26 ./Drivers/STM32L4xx_HAL_Driver/Src/stm32l4xx_hal_adc.o
 .text.LL_ADC_INJ_StopConversion
                0x0000000008004832       0x28 ./Drivers/STM32L4xx_HAL_Driver/Src/stm32l4xx_hal_adc.o
 .text.LL_ADC_INJ_IsConversionOngoing
                0x000000000800485a       0x26 ./Drivers/STM32L4xx_HAL_Driver/Src/stm32l4xx_hal_adc.o
 .text.HAL_ADC_Init
                0x0000000008004880      0x298 ./Drivers/STM32L4xx_HAL_Driver/Src/stm32l4xx_hal_adc.o
                0x0000000008004880                HAL_ADC_Init
 .text.HAL_ADC_DeInit
                0x0000000008004b18      0x24c ./Drivers/STM32L4xx_HAL_Driver/Src/stm32l4xx_hal_adc.o
                0x0000000008004b18                HAL_ADC_DeInit
 .text.HAL_ADC_Start
                0x0000000008004d64       0xc6 ./Drivers/STM32L4xx_HAL_Driver/Src/stm32l4xx_hal_adc.o
                0x0000000008004d64                HAL_ADC_Start
 .text.HAL_ADC_Stop
                0x0000000008004e2a       0x66 ./Drivers/STM32L4xx_HAL_Driver/Src/stm32l4xx_hal_adc.o
                0x0000000008004e2a                HAL_ADC_Stop
 .text.HAL_ADC_PollForConversion
                0x0000000008004e90      0x11e ./Drivers/STM32L4xx_HAL_Driver/Src/stm32l4xx_hal_adc.o
                0x0000000008004e90                HAL_ADC_PollForConversion
 *fill*         0x0000000008004fae        0x2 
 .text.HAL_ADC_Start_DMA
                0x0000000008004fb0      0x108 ./Drivers/STM32L4xx_HAL_Driver/Src/stm32l4xx_hal_adc.o
                0x0000000008004fb0                HAL_ADC_Start_DMA
 .text.HAL_ADC_Stop_DMA
                0x00000000080050b8       0xc2 ./Drivers/STM32L4xx_HAL_Driver/Src/stm32l4xx_hal_adc.o
                0x00000000080050b8                HAL_ADC_Stop_DMA
 .text.HAL_ADC_GetValue
                0x000000000800517a       0x1a ./Drivers/STM32L4xx_HAL_Driver/Src/stm32l4xx_hal_adc.o
                0x000000000800517a                HAL_ADC_GetValue
 .text.HAL_ADC_ConvHalfCpltCallback
                0x0000000008005194       0x14 ./Drivers/STM32L4xx_HAL_Driver/Src/stm32l4xx_hal_adc.o
                0x0000000008005194                HAL_ADC_ConvHalfCpltCallback
 .text.HAL_ADC_ErrorCallback
                0x00000000080051a8       0x14 ./Drivers/STM32L4xx_HAL_Driver/Src/stm32l4xx_hal_adc.o
                0x00000000080051a8                HAL_ADC_ErrorCallback
 .text.HAL_ADC_ConfigChannel
                0x00000000080051bc      0x7f8 ./Drivers/STM32L4xx_HAL_Driver/Src/stm32l4xx_hal_adc.o
                0x00000000080051bc                HAL_ADC_ConfigChannel
 .text.ADC_ConversionStop
                0x00000000080059b4      0x178 ./Drivers/STM32L4xx_HAL_Driver/Src/stm32l4xx_hal_adc.o
                0x00000000080059b4                ADC_ConversionStop
 .text.ADC_Enable
                0x0000000008005b2c      0x10c ./Drivers/STM32L4xx_HAL_Driver/Src/stm32l4xx_hal_adc.o
                0x0000000008005b2c                ADC_Enable
 .text.ADC_Disable
                0x0000000008005c38       0xbe ./Drivers/STM32L4xx_HAL_Driver/Src/stm32l4xx_hal_adc.o
                0x0000000008005c38                ADC_Disable
 .text.ADC_DMAConvCplt
                0x0000000008005cf6       0xd8 ./Drivers/STM32L4xx_HAL_Driver/Src/stm32l4xx_hal_adc.o
                0x0000000008005cf6                ADC_DMAConvCplt
 .text.ADC_DMAHalfConvCplt
                0x0000000008005dce       0x1c ./Drivers/STM32L4xx_HAL_Driver/Src/stm32l4xx_hal_adc.o
                0x0000000008005dce                ADC_DMAHalfConvCplt
 .text.ADC_DMAError
                0x0000000008005dea       0x34 ./Drivers/STM32L4xx_HAL_Driver/Src/stm32l4xx_hal_adc.o
                0x0000000008005dea                ADC_DMAError
 .text.LL_ADC_StartCalibration
                0x0000000008005e1e       0x32 ./Drivers/STM32L4xx_HAL_Driver/Src/stm32l4xx_hal_adc_ex.o
 .text.LL_ADC_IsCalibrationOnGoing
                0x0000000008005e50       0x28 ./Drivers/STM32L4xx_HAL_Driver/Src/stm32l4xx_hal_adc_ex.o
 .text.HAL_ADCEx_Calibration_Start
                0x0000000008005e78       0xc0 ./Drivers/STM32L4xx_HAL_Driver/Src/stm32l4xx_hal_adc_ex.o
                0x0000000008005e78                HAL_ADCEx_Calibration_Start
 .text.__NVIC_SetPriorityGrouping
                0x0000000008005f38       0x48 ./Drivers/STM32L4xx_HAL_Driver/Src/stm32l4xx_hal_cortex.o
 .text.__NVIC_GetPriorityGrouping
                0x0000000008005f80       0x1c ./Drivers/STM32L4xx_HAL_Driver/Src/stm32l4xx_hal_cortex.o
 .text.__NVIC_EnableIRQ
                0x0000000008005f9c       0x3c ./Drivers/STM32L4xx_HAL_Driver/Src/stm32l4xx_hal_cortex.o
 .text.__NVIC_DisableIRQ
                0x0000000008005fd8       0x48 ./Drivers/STM32L4xx_HAL_Driver/Src/stm32l4xx_hal_cortex.o
 .text.__NVIC_SetPriority
                0x0000000008006020       0x54 ./Drivers/STM32L4xx_HAL_Driver/Src/stm32l4xx_hal_cortex.o
 .text.NVIC_EncodePriority
                0x0000000008006074       0x66 ./Drivers/STM32L4xx_HAL_Driver/Src/stm32l4xx_hal_cortex.o
 .text.HAL_NVIC_SetPriorityGrouping
                0x00000000080060da       0x16 ./Drivers/STM32L4xx_HAL_Driver/Src/stm32l4xx_hal_cortex.o
                0x00000000080060da                HAL_NVIC_SetPriorityGrouping
 .text.HAL_NVIC_SetPriority
                0x00000000080060f0       0x38 ./Drivers/STM32L4xx_HAL_Driver/Src/stm32l4xx_hal_cortex.o
                0x00000000080060f0                HAL_NVIC_SetPriority
 .text.HAL_NVIC_EnableIRQ
                0x0000000008006128       0x1c ./Drivers/STM32L4xx_HAL_Driver/Src/stm32l4xx_hal_cortex.o
                0x0000000008006128                HAL_NVIC_EnableIRQ
 .text.HAL_NVIC_DisableIRQ
                0x0000000008006144       0x1c ./Drivers/STM32L4xx_HAL_Driver/Src/stm32l4xx_hal_cortex.o
                0x0000000008006144                HAL_NVIC_DisableIRQ
 .text.HAL_DMA_Init
                0x0000000008006160      0x170 ./Drivers/STM32L4xx_HAL_Driver/Src/stm32l4xx_hal_dma.o
                0x0000000008006160                HAL_DMA_Init
 .text.HAL_DMA_DeInit
                0x00000000080062d0      0x124 ./Drivers/STM32L4xx_HAL_Driver/Src/stm32l4xx_hal_dma.o
                0x00000000080062d0                HAL_DMA_DeInit
 .text.HAL_DMA_Start_IT
                0x00000000080063f4       0xc0 ./Drivers/STM32L4xx_HAL_Driver/Src/stm32l4xx_hal_dma.o
                0x00000000080063f4                HAL_DMA_Start_IT
 .text.HAL_DMA_Abort
                0x00000000080064b4       0x7c ./Drivers/STM32L4xx_HAL_Driver/Src/stm32l4xx_hal_dma.o
                0x00000000080064b4                HAL_DMA_Abort
 .text.HAL_DMA_IRQHandler
                0x0000000008006530      0x15e ./Drivers/STM32L4xx_HAL_Driver/Src/stm32l4xx_hal_dma.o
                0x0000000008006530                HAL_DMA_IRQHandler
 .text.DMA_SetConfig
                0x000000000800668e       0x60 ./Drivers/STM32L4xx_HAL_Driver/Src/stm32l4xx_hal_dma.o
 *fill*         0x00000000080066ee        0x2 
 .text.HAL_GPIO_Init
                0x00000000080066f0      0x2f4 ./Drivers/STM32L4xx_HAL_Driver/Src/stm32l4xx_hal_gpio.o
                0x00000000080066f0                HAL_GPIO_Init
 .text.HAL_GPIO_DeInit
                0x00000000080069e4      0x1b4 ./Drivers/STM32L4xx_HAL_Driver/Src/stm32l4xx_hal_gpio.o
                0x00000000080069e4                HAL_GPIO_DeInit
 .text.HAL_GPIO_WritePin
                0x0000000008006b98       0x30 ./Drivers/STM32L4xx_HAL_Driver/Src/stm32l4xx_hal_gpio.o
                0x0000000008006b98                HAL_GPIO_WritePin
 .text.HAL_PWR_EnterSLEEPMode
                0x0000000008006bc8       0x68 ./Drivers/STM32L4xx_HAL_Driver/Src/stm32l4xx_hal_pwr.o
                0x0000000008006bc8                HAL_PWR_EnterSLEEPMode
 .text.HAL_PWR_EnterSTOPMode
                0x0000000008006c30       0x2e ./Drivers/STM32L4xx_HAL_Driver/Src/stm32l4xx_hal_pwr.o
                0x0000000008006c30                HAL_PWR_EnterSTOPMode
 *fill*         0x0000000008006c5e        0x2 
 .text.HAL_PWREx_GetVoltageRange
                0x0000000008006c60       0x1c ./Drivers/STM32L4xx_HAL_Driver/Src/stm32l4xx_hal_pwr_ex.o
                0x0000000008006c60                HAL_PWREx_GetVoltageRange
 .text.HAL_PWREx_ControlVoltageScaling
                0x0000000008006c7c       0xac ./Drivers/STM32L4xx_HAL_Driver/Src/stm32l4xx_hal_pwr_ex.o
                0x0000000008006c7c                HAL_PWREx_ControlVoltageScaling
 .text.HAL_PWREx_EnableLowPowerRunMode
                0x0000000008006d28       0x20 ./Drivers/STM32L4xx_HAL_Driver/Src/stm32l4xx_hal_pwr_ex.o
                0x0000000008006d28                HAL_PWREx_EnableLowPowerRunMode
 .text.HAL_PWREx_DisableLowPowerRunMode
                0x0000000008006d48       0x70 ./Drivers/STM32L4xx_HAL_Driver/Src/stm32l4xx_hal_pwr_ex.o
                0x0000000008006d48                HAL_PWREx_DisableLowPowerRunMode
 .text.HAL_PWREx_EnterSTOP0Mode
                0x0000000008006db8       0x54 ./Drivers/STM32L4xx_HAL_Driver/Src/stm32l4xx_hal_pwr_ex.o
                0x0000000008006db8                HAL_PWREx_EnterSTOP0Mode
 .text.HAL_PWREx_EnterSTOP1Mode
                0x0000000008006e0c       0x58 ./Drivers/STM32L4xx_HAL_Driver/Src/stm32l4xx_hal_pwr_ex.o
                0x0000000008006e0c                HAL_PWREx_EnterSTOP1Mode
 .text.HAL_RCC_OscConfig
                0x0000000008006e64      0x824 ./Drivers/STM32L4xx_HAL_Driver/Src/stm32l4xx_hal_rcc.o
                0x0000000008006e64                HAL_RCC_OscConfig
 .text.HAL_RCC_ClockConfig
                0x0000000008007688      0x200 ./Drivers/STM32L4xx_HAL_Driver/Src/stm32l4xx_hal_rcc.o
                0x0000000008007688                HAL_RCC_ClockConfig
 .text.HAL_RCC_GetSysClockFreq
                0x0000000008007888      0x118 ./Drivers/STM32L4xx_HAL_Driver/Src/stm32l4xx_hal_rcc.o
                0x0000000008007888                HAL_RCC_GetSysClockFreq
 .text.HAL_RCC_GetHCLKFreq
                0x00000000080079a0       0x18 ./Drivers/STM32L4xx_HAL_Driver/Src/stm32l4xx_hal_rcc.o
                0x00000000080079a0                HAL_RCC_GetHCLKFreq
 .text.HAL_RCC_GetPCLK1Freq
                0x00000000080079b8       0x2c ./Drivers/STM32L4xx_HAL_Driver/Src/stm32l4xx_hal_rcc.o
                0x00000000080079b8                HAL_RCC_GetPCLK1Freq
 .text.HAL_RCC_GetPCLK2Freq
                0x00000000080079e4       0x2c ./Drivers/STM32L4xx_HAL_Driver/Src/stm32l4xx_hal_rcc.o
                0x00000000080079e4                HAL_RCC_GetPCLK2Freq
 .text.RCC_SetFlashLatencyFromMSIRange
                0x0000000008007a10       0xc0 ./Drivers/STM32L4xx_HAL_Driver/Src/stm32l4xx_hal_rcc.o
 .text.HAL_RCCEx_PeriphCLKConfig
                0x0000000008007ad0      0x4d8 ./Drivers/STM32L4xx_HAL_Driver/Src/stm32l4xx_hal_rcc_ex.o
                0x0000000008007ad0                HAL_RCCEx_PeriphCLKConfig
 .text.RCCEx_PLLSAI1_Config
                0x0000000008007fa8      0x1e4 ./Drivers/STM32L4xx_HAL_Driver/Src/stm32l4xx_hal_rcc_ex.o
 .text.HAL_RTC_Init
                0x000000000800818c       0xf6 ./Drivers/STM32L4xx_HAL_Driver/Src/stm32l4xx_hal_rtc.o
                0x000000000800818c                HAL_RTC_Init
 .text.HAL_RTC_SetTime
                0x0000000008008282      0x13a ./Drivers/STM32L4xx_HAL_Driver/Src/stm32l4xx_hal_rtc.o
                0x0000000008008282                HAL_RTC_SetTime
 .text.HAL_RTC_GetTime
                0x00000000080083bc       0xb8 ./Drivers/STM32L4xx_HAL_Driver/Src/stm32l4xx_hal_rtc.o
                0x00000000080083bc                HAL_RTC_GetTime
 .text.HAL_RTC_SetDate
                0x0000000008008474      0x10e ./Drivers/STM32L4xx_HAL_Driver/Src/stm32l4xx_hal_rtc.o
                0x0000000008008474                HAL_RTC_SetDate
 .text.HAL_RTC_GetDate
                0x0000000008008582       0x9a ./Drivers/STM32L4xx_HAL_Driver/Src/stm32l4xx_hal_rtc.o
                0x0000000008008582                HAL_RTC_GetDate
 .text.HAL_RTC_SetAlarm_IT
                0x000000000800861c      0x278 ./Drivers/STM32L4xx_HAL_Driver/Src/stm32l4xx_hal_rtc.o
                0x000000000800861c                HAL_RTC_SetAlarm_IT
 .text.HAL_RTC_DeactivateAlarm
                0x0000000008008894      0x128 ./Drivers/STM32L4xx_HAL_Driver/Src/stm32l4xx_hal_rtc.o
                0x0000000008008894                HAL_RTC_DeactivateAlarm
 .text.HAL_RTC_AlarmIRQHandler
                0x00000000080089bc       0x8c ./Drivers/STM32L4xx_HAL_Driver/Src/stm32l4xx_hal_rtc.o
                0x00000000080089bc                HAL_RTC_AlarmIRQHandler
 .text.HAL_RTC_WaitForSynchro
                0x0000000008008a48       0x4c ./Drivers/STM32L4xx_HAL_Driver/Src/stm32l4xx_hal_rtc.o
                0x0000000008008a48                HAL_RTC_WaitForSynchro
 .text.RTC_EnterInitMode
                0x0000000008008a94       0x66 ./Drivers/STM32L4xx_HAL_Driver/Src/stm32l4xx_hal_rtc.o
                0x0000000008008a94                RTC_EnterInitMode
 *fill*         0x0000000008008afa        0x2 
 .text.RTC_ExitInitMode
                0x0000000008008afc       0x7c ./Drivers/STM32L4xx_HAL_Driver/Src/stm32l4xx_hal_rtc.o
                0x0000000008008afc                RTC_ExitInitMode
 .text.RTC_ByteToBcd2
                0x0000000008008b78       0x40 ./Drivers/STM32L4xx_HAL_Driver/Src/stm32l4xx_hal_rtc.o
                0x0000000008008b78                RTC_ByteToBcd2
 .text.RTC_Bcd2ToByte
                0x0000000008008bb8       0x34 ./Drivers/STM32L4xx_HAL_Driver/Src/stm32l4xx_hal_rtc.o
                0x0000000008008bb8                RTC_Bcd2ToByte
 .text.HAL_RTCEx_SetWakeUpTimer_IT
                0x0000000008008bec      0x128 ./Drivers/STM32L4xx_HAL_Driver/Src/stm32l4xx_hal_rtc_ex.o
                0x0000000008008bec                HAL_RTCEx_SetWakeUpTimer_IT
 .text.HAL_RTCEx_DeactivateWakeUpTimer
                0x0000000008008d14       0xba ./Drivers/STM32L4xx_HAL_Driver/Src/stm32l4xx_hal_rtc_ex.o
                0x0000000008008d14                HAL_RTCEx_DeactivateWakeUpTimer
 *fill*         0x0000000008008dce        0x2 
 .text.HAL_RTCEx_WakeUpTimerIRQHandler
                0x0000000008008dd0       0x4c ./Drivers/STM32L4xx_HAL_Driver/Src/stm32l4xx_hal_rtc_ex.o
                0x0000000008008dd0                HAL_RTCEx_WakeUpTimerIRQHandler
 .text.HAL_RTCEx_EnableBypassShadow
                0x0000000008008e1c       0x6c ./Drivers/STM32L4xx_HAL_Driver/Src/stm32l4xx_hal_rtc_ex.o
                0x0000000008008e1c                HAL_RTCEx_EnableBypassShadow
 .text.HAL_RTCEx_AlarmBEventCallback
                0x0000000008008e88       0x14 ./Drivers/STM32L4xx_HAL_Driver/Src/stm32l4xx_hal_rtc_ex.o
                0x0000000008008e88                HAL_RTCEx_AlarmBEventCallback
 .text.HAL_TIM_Base_Init
                0x0000000008008e9c       0xae ./Drivers/STM32L4xx_HAL_Driver/Src/stm32l4xx_hal_tim.o
                0x0000000008008e9c                HAL_TIM_Base_Init
 .text.HAL_TIM_PWM_Init
                0x0000000008008f4a       0xae ./Drivers/STM32L4xx_HAL_Driver/Src/stm32l4xx_hal_tim.o
                0x0000000008008f4a                HAL_TIM_PWM_Init
 .text.HAL_TIM_PWM_MspInit
                0x0000000008008ff8       0x14 ./Drivers/STM32L4xx_HAL_Driver/Src/stm32l4xx_hal_tim.o
                0x0000000008008ff8                HAL_TIM_PWM_MspInit
 .text.HAL_TIM_PWM_Start
                0x000000000800900c      0x1cc ./Drivers/STM32L4xx_HAL_Driver/Src/stm32l4xx_hal_tim.o
                0x000000000800900c                HAL_TIM_PWM_Start
 .text.HAL_TIM_PWM_Stop
                0x00000000080091d8      0x110 ./Drivers/STM32L4xx_HAL_Driver/Src/stm32l4xx_hal_tim.o
                0x00000000080091d8                HAL_TIM_PWM_Stop
 .text.HAL_TIM_PWM_ConfigChannel
                0x00000000080092e8      0x228 ./Drivers/STM32L4xx_HAL_Driver/Src/stm32l4xx_hal_tim.o
                0x00000000080092e8                HAL_TIM_PWM_ConfigChannel
 .text.HAL_TIM_ConfigClockSource
                0x0000000008009510      0x192 ./Drivers/STM32L4xx_HAL_Driver/Src/stm32l4xx_hal_tim.o
                0x0000000008009510                HAL_TIM_ConfigClockSource
 *fill*         0x00000000080096a2        0x2 
 .text.TIM_Base_SetConfig
                0x00000000080096a4       0xdc ./Drivers/STM32L4xx_HAL_Driver/Src/stm32l4xx_hal_tim.o
                0x00000000080096a4                TIM_Base_SetConfig
 .text.TIM_OC1_SetConfig
                0x0000000008009780       0xf8 ./Drivers/STM32L4xx_HAL_Driver/Src/stm32l4xx_hal_tim.o
 .text.TIM_OC2_SetConfig
                0x0000000008009878       0xf4 ./Drivers/STM32L4xx_HAL_Driver/Src/stm32l4xx_hal_tim.o
                0x0000000008009878                TIM_OC2_SetConfig
 .text.TIM_OC3_SetConfig
                0x000000000800996c       0xf0 ./Drivers/STM32L4xx_HAL_Driver/Src/stm32l4xx_hal_tim.o
 .text.TIM_OC4_SetConfig
                0x0000000008009a5c       0xbc ./Drivers/STM32L4xx_HAL_Driver/Src/stm32l4xx_hal_tim.o
 .text.TIM_OC5_SetConfig
                0x0000000008009b18       0xb0 ./Drivers/STM32L4xx_HAL_Driver/Src/stm32l4xx_hal_tim.o
 .text.TIM_OC6_SetConfig
                0x0000000008009bc8       0xb4 ./Drivers/STM32L4xx_HAL_Driver/Src/stm32l4xx_hal_tim.o
 .text.TIM_TI1_ConfigInputStage
                0x0000000008009c7c       0x5e ./Drivers/STM32L4xx_HAL_Driver/Src/stm32l4xx_hal_tim.o
 .text.TIM_TI2_ConfigInputStage
                0x0000000008009cda       0x60 ./Drivers/STM32L4xx_HAL_Driver/Src/stm32l4xx_hal_tim.o
 .text.TIM_ITRx_SetConfig
                0x0000000008009d3a       0x36 ./Drivers/STM32L4xx_HAL_Driver/Src/stm32l4xx_hal_tim.o
 .text.TIM_ETR_SetConfig
                0x0000000008009d70       0x40 ./Drivers/STM32L4xx_HAL_Driver/Src/stm32l4xx_hal_tim.o
                0x0000000008009d70                TIM_ETR_SetConfig
 .text.TIM_CCxChannelCmd
                0x0000000008009db0       0x4a ./Drivers/STM32L4xx_HAL_Driver/Src/stm32l4xx_hal_tim.o
                0x0000000008009db0                TIM_CCxChannelCmd
 *fill*         0x0000000008009dfa        0x2 
 .text.HAL_TIMEx_MasterConfigSynchronization
                0x0000000008009dfc       0xdc ./Drivers/STM32L4xx_HAL_Driver/Src/stm32l4xx_hal_tim_ex.o
                0x0000000008009dfc                HAL_TIMEx_MasterConfigSynchronization
 .text.HAL_TIMEx_ConfigBreakDeadTime
                0x0000000008009ed8       0xf0 ./Drivers/STM32L4xx_HAL_Driver/Src/stm32l4xx_hal_tim_ex.o
                0x0000000008009ed8                HAL_TIMEx_ConfigBreakDeadTime
 .text.HAL_UART_Init
                0x0000000008009fc8       0x9c ./Drivers/STM32L4xx_HAL_Driver/Src/stm32l4xx_hal_uart.o
                0x0000000008009fc8                HAL_UART_Init
 .text.HAL_UART_Transmit
                0x000000000800a064      0x128 ./Drivers/STM32L4xx_HAL_Driver/Src/stm32l4xx_hal_uart.o
                0x000000000800a064                HAL_UART_Transmit
 .text.HAL_UART_Receive
                0x000000000800a18c      0x1a2 ./Drivers/STM32L4xx_HAL_Driver/Src/stm32l4xx_hal_uart.o
                0x000000000800a18c                HAL_UART_Receive
 *fill*         0x000000000800a32e        0x2 
 .text.HAL_UART_Receive_IT
                0x000000000800a330       0xac ./Drivers/STM32L4xx_HAL_Driver/Src/stm32l4xx_hal_uart.o
                0x000000000800a330                HAL_UART_Receive_IT
 .text.HAL_UART_RxCpltCallback
                0x000000000800a3dc       0x14 ./Drivers/STM32L4xx_HAL_Driver/Src/stm32l4xx_hal_uart.o
                0x000000000800a3dc                HAL_UART_RxCpltCallback
 .text.HAL_UARTEx_RxEventCallback
                0x000000000800a3f0       0x18 ./Drivers/STM32L4xx_HAL_Driver/Src/stm32l4xx_hal_uart.o
                0x000000000800a3f0                HAL_UARTEx_RxEventCallback
 .text.UART_SetConfig
                0x000000000800a408      0x4b8 ./Drivers/STM32L4xx_HAL_Driver/Src/stm32l4xx_hal_uart.o
                0x000000000800a408                UART_SetConfig
 .text.UART_AdvFeatureConfig
                0x000000000800a8c0      0x144 ./Drivers/STM32L4xx_HAL_Driver/Src/stm32l4xx_hal_uart.o
                0x000000000800a8c0                UART_AdvFeatureConfig
 .text.UART_CheckIdleState
                0x000000000800aa04       0x92 ./Drivers/STM32L4xx_HAL_Driver/Src/stm32l4xx_hal_uart.o
                0x000000000800aa04                UART_CheckIdleState
 .text.UART_WaitOnFlagUntilTimeout
                0x000000000800aa96      0x188 ./Drivers/STM32L4xx_HAL_Driver/Src/stm32l4xx_hal_uart.o
                0x000000000800aa96                UART_WaitOnFlagUntilTimeout
 *fill*         0x000000000800ac1e        0x2 
 .text.UART_Start_Receive_IT
                0x000000000800ac20      0x194 ./Drivers/STM32L4xx_HAL_Driver/Src/stm32l4xx_hal_uart.o
                0x000000000800ac20                UART_Start_Receive_IT
 .text.UART_RxISR_8BIT
                0x000000000800adb4      0x160 ./Drivers/STM32L4xx_HAL_Driver/Src/stm32l4xx_hal_uart.o
 .text.UART_RxISR_16BIT
                0x000000000800af14      0x160 ./Drivers/STM32L4xx_HAL_Driver/Src/stm32l4xx_hal_uart.o
 .text.UTIL_LPM_Init
                0x000000000800b074       0x24 ./Utilities/lpm/tiny_lpm/stm32_lpm.o
                0x000000000800b074                UTIL_LPM_Init
 .text.UTIL_LPM_SetStopMode
                0x000000000800b098       0x60 ./Utilities/lpm/tiny_lpm/stm32_lpm.o
                0x000000000800b098                UTIL_LPM_SetStopMode
 .text.UTIL_LPM_SetOffMode
                0x000000000800b0f8       0x60 ./Utilities/lpm/tiny_lpm/stm32_lpm.o
                0x000000000800b0f8                UTIL_LPM_SetOffMode
 .text.UTIL_LPM_GetMode
                0x000000000800b158       0x58 ./Utilities/lpm/tiny_lpm/stm32_lpm.o
                0x000000000800b158                UTIL_LPM_GetMode
 .text.UTIL_LPM_EnterLowPower
                0x000000000800b1b0       0x6c ./Utilities/lpm/tiny_lpm/stm32_lpm.o
                0x000000000800b1b0                UTIL_LPM_EnterLowPower
 .text.tiny_vfscanf
                0x000000000800b21c      0x704 ./Utilities/misc/stm32_tiny_sscanf.o
 .text.tiny_sscanf
                0x000000000800b920       0x2c ./Utilities/misc/stm32_tiny_sscanf.o
                0x000000000800b920                tiny_sscanf
 .text.ee_skip_atoi
                0x000000000800b94c       0x4e ./Utilities/misc/stm32_tiny_vsnprintf.o
 *fill*         0x000000000800b99a        0x2 
 .text.ee_number
                0x000000000800b99c      0x1e4 ./Utilities/misc/stm32_tiny_vsnprintf.o
 .text.tiny_vsnprintf_like
                0x000000000800bb80      0x2ac ./Utilities/misc/stm32_tiny_vsnprintf.o
                0x000000000800bb80                tiny_vsnprintf_like
 .text.UTIL_TIMER_Init
                0x000000000800be2c       0x20 ./Utilities/timer/stm32_timer.o
                0x000000000800be2c                UTIL_TIMER_Init
 .text.UTIL_TIMER_Start
                0x000000000800be4c       0xdc ./Utilities/timer/stm32_timer.o
                0x000000000800be4c                UTIL_TIMER_Start
 .text.UTIL_TIMER_IRQ_Handler
                0x000000000800bf28      0x100 ./Utilities/timer/stm32_timer.o
                0x000000000800bf28                UTIL_TIMER_IRQ_Handler
 .text.TimerExists
                0x000000000800c028       0x3c ./Utilities/timer/stm32_timer.o
                0x000000000800c028                TimerExists
 .text.TimerSetTimeout
                0x000000000800c064       0x54 ./Utilities/timer/stm32_timer.o
                0x000000000800c064                TimerSetTimeout
 .text.TimerInsertTimer
                0x000000000800c0b8       0x60 ./Utilities/timer/stm32_timer.o
                0x000000000800c0b8                TimerInsertTimer
 .text.TimerInsertNewHeadTimer
                0x000000000800c118       0x3c ./Utilities/timer/stm32_timer.o
                0x000000000800c118                TimerInsertNewHeadTimer
 .text.arm_std_f32
                0x000000000800c154      0x114 D:\EVKs\SensorBoard\TestingRev@\MurataVibrationSensorNode_V2.0\MurataVibrationSensorNode_V2.0\Drivers\CMSIS\Lib\GCC\libarm_cortexM4lf_math.a(arm_std_f32.o)
                0x000000000800c154                arm_std_f32
 .text.arm_rms_f32
                0x000000000800c268       0xc8 D:\EVKs\SensorBoard\TestingRev@\MurataVibrationSensorNode_V2.0\MurataVibrationSensorNode_V2.0\Drivers\CMSIS\Lib\GCC\libarm_cortexM4lf_math.a(arm_rms_f32.o)
                0x000000000800c268                arm_rms_f32
 .text.arm_max_f32
                0x000000000800c330       0xd8 D:\EVKs\SensorBoard\TestingRev@\MurataVibrationSensorNode_V2.0\MurataVibrationSensorNode_V2.0\Drivers\CMSIS\Lib\GCC\libarm_cortexM4lf_math.a(arm_max_f32.o)
                0x000000000800c330                arm_max_f32
 .text.arm_cfft_radix2_init_f32
                0x000000000800c408      0x12c D:\EVKs\SensorBoard\TestingRev@\MurataVibrationSensorNode_V2.0\MurataVibrationSensorNode_V2.0\Drivers\CMSIS\Lib\GCC\libarm_cortexM4lf_math.a(arm_cfft_radix2_init_f32.o)
                0x000000000800c408                arm_cfft_radix2_init_f32
 .text.arm_radix2_butterfly_f32
                0x000000000800c534      0x178 D:\EVKs\SensorBoard\TestingRev@\MurataVibrationSensorNode_V2.0\MurataVibrationSensorNode_V2.0\Drivers\CMSIS\Lib\GCC\libarm_cortexM4lf_math.a(arm_cfft_radix2_f32.o)
                0x000000000800c534                arm_radix2_butterfly_f32
 .text.arm_radix2_butterfly_inverse_f32
                0x000000000800c6ac      0x188 D:\EVKs\SensorBoard\TestingRev@\MurataVibrationSensorNode_V2.0\MurataVibrationSensorNode_V2.0\Drivers\CMSIS\Lib\GCC\libarm_cortexM4lf_math.a(arm_cfft_radix2_f32.o)
                0x000000000800c6ac                arm_radix2_butterfly_inverse_f32
 .text.arm_cfft_radix2_f32
                0x000000000800c834       0x40 D:\EVKs\SensorBoard\TestingRev@\MurataVibrationSensorNode_V2.0\MurataVibrationSensorNode_V2.0\Drivers\CMSIS\Lib\GCC\libarm_cortexM4lf_math.a(arm_cfft_radix2_f32.o)
                0x000000000800c834                arm_cfft_radix2_f32
 .text.arm_bitreversal_f32
                0x000000000800c874       0xe0 D:\EVKs\SensorBoard\TestingRev@\MurataVibrationSensorNode_V2.0\MurataVibrationSensorNode_V2.0\Drivers\CMSIS\Lib\GCC\libarm_cortexM4lf_math.a(arm_bitreversal.o)
                0x000000000800c874                arm_bitreversal_f32
 .text.arm_cmplx_mag_f32
                0x000000000800c954      0x248 D:\EVKs\SensorBoard\TestingRev@\MurataVibrationSensorNode_V2.0\MurataVibrationSensorNode_V2.0\Drivers\CMSIS\Lib\GCC\libarm_cortexM4lf_math.a(arm_cmplx_mag_f32.o)
                0x000000000800c954                arm_cmplx_mag_f32
 .text.arm_mult_f32
                0x000000000800cb9c       0xb4 D:\EVKs\SensorBoard\TestingRev@\MurataVibrationSensorNode_V2.0\MurataVibrationSensorNode_V2.0\Drivers\CMSIS\Lib\GCC\libarm_cortexM4lf_math.a(arm_mult_f32.o)
                0x000000000800cb9c                arm_mult_f32
 .text.__errno  0x000000000800cc50        0xc c:/st/stm32cubeide_1.7.0/stm32cubeide/plugins/com.st.stm32cube.ide.mcu.externaltools.gnu-tools-for-stm32.9-2020-q2-update.win32_2.0.0.202105311346/tools/bin/../lib/gcc/arm-none-eabi/9.3.1/../../../../arm-none-eabi/lib/thumb/v7e-m+fp/hard\libc_nano.a(lib_a-errno.o)
                0x000000000800cc50                __errno
 .text.__libc_init_array
                0x000000000800cc5c       0x48 c:/st/stm32cubeide_1.7.0/stm32cubeide/plugins/com.st.stm32cube.ide.mcu.externaltools.gnu-tools-for-stm32.9-2020-q2-update.win32_2.0.0.202105311346/tools/bin/../lib/gcc/arm-none-eabi/9.3.1/../../../../arm-none-eabi/lib/thumb/v7e-m+fp/hard\libc_nano.a(lib_a-init.o)
                0x000000000800cc5c                __libc_init_array
 .text.memset   0x000000000800cca4       0x10 c:/st/stm32cubeide_1.7.0/stm32cubeide/plugins/com.st.stm32cube.ide.mcu.externaltools.gnu-tools-for-stm32.9-2020-q2-update.win32_2.0.0.202105311346/tools/bin/../lib/gcc/arm-none-eabi/9.3.1/../../../../arm-none-eabi/lib/thumb/v7e-m+fp/hard\libc_nano.a(lib_a-memset.o)
                0x000000000800cca4                memset
 .text.__cvt    0x000000000800ccb4       0xc4 c:/st/stm32cubeide_1.7.0/stm32cubeide/plugins/com.st.stm32cube.ide.mcu.externaltools.gnu-tools-for-stm32.9-2020-q2-update.win32_2.0.0.202105311346/tools/bin/../lib/gcc/arm-none-eabi/9.3.1/../../../../arm-none-eabi/lib/thumb/v7e-m+fp/hard\libc_nano.a(lib_a-nano-vfprintf_float.o)
                0x000000000800ccb4                __cvt
 .text.__exponent
                0x000000000800cd78       0x7c c:/st/stm32cubeide_1.7.0/stm32cubeide/plugins/com.st.stm32cube.ide.mcu.externaltools.gnu-tools-for-stm32.9-2020-q2-update.win32_2.0.0.202105311346/tools/bin/../lib/gcc/arm-none-eabi/9.3.1/../../../../arm-none-eabi/lib/thumb/v7e-m+fp/hard\libc_nano.a(lib_a-nano-vfprintf_float.o)
                0x000000000800cd78                __exponent
 .text._printf_float
                0x000000000800cdf4      0x46c c:/st/stm32cubeide_1.7.0/stm32cubeide/plugins/com.st.stm32cube.ide.mcu.externaltools.gnu-tools-for-stm32.9-2020-q2-update.win32_2.0.0.202105311346/tools/bin/../lib/gcc/arm-none-eabi/9.3.1/../../../../arm-none-eabi/lib/thumb/v7e-m+fp/hard\libc_nano.a(lib_a-nano-vfprintf_float.o)
                0x000000000800cdf4                _printf_float
 .text._printf_common
                0x000000000800d260       0xda c:/st/stm32cubeide_1.7.0/stm32cubeide/plugins/com.st.stm32cube.ide.mcu.externaltools.gnu-tools-for-stm32.9-2020-q2-update.win32_2.0.0.202105311346/tools/bin/../lib/gcc/arm-none-eabi/9.3.1/../../../../arm-none-eabi/lib/thumb/v7e-m+fp/hard\libc_nano.a(lib_a-nano-vfprintf_i.o)
                0x000000000800d260                _printf_common
 *fill*         0x000000000800d33a        0x2 
 .text._printf_i
                0x000000000800d33c      0x24c c:/st/stm32cubeide_1.7.0/stm32cubeide/plugins/com.st.stm32cube.ide.mcu.externaltools.gnu-tools-for-stm32.9-2020-q2-update.win32_2.0.0.202105311346/tools/bin/../lib/gcc/arm-none-eabi/9.3.1/../../../../arm-none-eabi/lib/thumb/v7e-m+fp/hard\libc_nano.a(lib_a-nano-vfprintf_i.o)
                0x000000000800d33c                _printf_i
 .text.setvbuf  0x000000000800d588      0x18c c:/st/stm32cubeide_1.7.0/stm32cubeide/plugins/com.st.stm32cube.ide.mcu.externaltools.gnu-tools-for-stm32.9-2020-q2-update.win32_2.0.0.202105311346/tools/bin/../lib/gcc/arm-none-eabi/9.3.1/../../../../arm-none-eabi/lib/thumb/v7e-m+fp/hard\libc_nano.a(lib_a-setvbuf.o)
                0x000000000800d588                setvbuf
 .text.strchr   0x000000000800d714       0x1a c:/st/stm32cubeide_1.7.0/stm32cubeide/plugins/com.st.stm32cube.ide.mcu.externaltools.gnu-tools-for-stm32.9-2020-q2-update.win32_2.0.0.202105311346/tools/bin/../lib/gcc/arm-none-eabi/9.3.1/../../../../arm-none-eabi/lib/thumb/v7e-m+fp/hard\libc_nano.a(lib_a-strchr.o)
                0x000000000800d714                strchr
 .text.strcpy   0x000000000800d72e       0x10 c:/st/stm32cubeide_1.7.0/stm32cubeide/plugins/com.st.stm32cube.ide.mcu.externaltools.gnu-tools-for-stm32.9-2020-q2-update.win32_2.0.0.202105311346/tools/bin/../lib/gcc/arm-none-eabi/9.3.1/../../../../arm-none-eabi/lib/thumb/v7e-m+fp/hard\libc_nano.a(lib_a-strcpy.o)
                0x000000000800d72e                strcpy
 .text.strncmp  0x000000000800d73e       0x24 c:/st/stm32cubeide_1.7.0/stm32cubeide/plugins/com.st.stm32cube.ide.mcu.externaltools.gnu-tools-for-stm32.9-2020-q2-update.win32_2.0.0.202105311346/tools/bin/../lib/gcc/arm-none-eabi/9.3.1/../../../../arm-none-eabi/lib/thumb/v7e-m+fp/hard\libc_nano.a(lib_a-strncmp.o)
                0x000000000800d73e                strncmp
 .text.quorem   0x000000000800d762      0x116 c:/st/stm32cubeide_1.7.0/stm32cubeide/plugins/com.st.stm32cube.ide.mcu.externaltools.gnu-tools-for-stm32.9-2020-q2-update.win32_2.0.0.202105311346/tools/bin/../lib/gcc/arm-none-eabi/9.3.1/../../../../arm-none-eabi/lib/thumb/v7e-m+fp/hard\libc_nano.a(lib_a-dtoa.o)
 .text._dtoa_r  0x000000000800d878      0xbd8 c:/st/stm32cubeide_1.7.0/stm32cubeide/plugins/com.st.stm32cube.ide.mcu.externaltools.gnu-tools-for-stm32.9-2020-q2-update.win32_2.0.0.202105311346/tools/bin/../lib/gcc/arm-none-eabi/9.3.1/../../../../arm-none-eabi/lib/thumb/v7e-m+fp/hard\libc_nano.a(lib_a-dtoa.o)
                0x000000000800d878                _dtoa_r
 .text.__sflush_r
                0x000000000800e450      0x10c c:/st/stm32cubeide_1.7.0/stm32cubeide/plugins/com.st.stm32cube.ide.mcu.externaltools.gnu-tools-for-stm32.9-2020-q2-update.win32_2.0.0.202105311346/tools/bin/../lib/gcc/arm-none-eabi/9.3.1/../../../../arm-none-eabi/lib/thumb/v7e-m+fp/hard\libc_nano.a(lib_a-fflush.o)
                0x000000000800e450                __sflush_r
 .text._fflush_r
                0x000000000800e55c       0x78 c:/st/stm32cubeide_1.7.0/stm32cubeide/plugins/com.st.stm32cube.ide.mcu.externaltools.gnu-tools-for-stm32.9-2020-q2-update.win32_2.0.0.202105311346/tools/bin/../lib/gcc/arm-none-eabi/9.3.1/../../../../arm-none-eabi/lib/thumb/v7e-m+fp/hard\libc_nano.a(lib_a-fflush.o)
                0x000000000800e55c                _fflush_r
 .text.std      0x000000000800e5d4       0x48 c:/st/stm32cubeide_1.7.0/stm32cubeide/plugins/com.st.stm32cube.ide.mcu.externaltools.gnu-tools-for-stm32.9-2020-q2-update.win32_2.0.0.202105311346/tools/bin/../lib/gcc/arm-none-eabi/9.3.1/../../../../arm-none-eabi/lib/thumb/v7e-m+fp/hard\libc_nano.a(lib_a-findfp.o)
 .text._cleanup_r
                0x000000000800e61c        0xc c:/st/stm32cubeide_1.7.0/stm32cubeide/plugins/com.st.stm32cube.ide.mcu.externaltools.gnu-tools-for-stm32.9-2020-q2-update.win32_2.0.0.202105311346/tools/bin/../lib/gcc/arm-none-eabi/9.3.1/../../../../arm-none-eabi/lib/thumb/v7e-m+fp/hard\libc_nano.a(lib_a-findfp.o)
                0x000000000800e61c                _cleanup_r
 .text.__sfmoreglue
                0x000000000800e628       0x2c c:/st/stm32cubeide_1.7.0/stm32cubeide/plugins/com.st.stm32cube.ide.mcu.externaltools.gnu-tools-for-stm32.9-2020-q2-update.win32_2.0.0.202105311346/tools/bin/../lib/gcc/arm-none-eabi/9.3.1/../../../../arm-none-eabi/lib/thumb/v7e-m+fp/hard\libc_nano.a(lib_a-findfp.o)
                0x000000000800e628                __sfmoreglue
 .text.__sfp_lock_acquire
                0x000000000800e654        0xc c:/st/stm32cubeide_1.7.0/stm32cubeide/plugins/com.st.stm32cube.ide.mcu.externaltools.gnu-tools-for-stm32.9-2020-q2-update.win32_2.0.0.202105311346/tools/bin/../lib/gcc/arm-none-eabi/9.3.1/../../../../arm-none-eabi/lib/thumb/v7e-m+fp/hard\libc_nano.a(lib_a-findfp.o)
                0x000000000800e654                __sfp_lock_acquire
 .text.__sfp_lock_release
                0x000000000800e660        0xc c:/st/stm32cubeide_1.7.0/stm32cubeide/plugins/com.st.stm32cube.ide.mcu.externaltools.gnu-tools-for-stm32.9-2020-q2-update.win32_2.0.0.202105311346/tools/bin/../lib/gcc/arm-none-eabi/9.3.1/../../../../arm-none-eabi/lib/thumb/v7e-m+fp/hard\libc_nano.a(lib_a-findfp.o)
                0x000000000800e660                __sfp_lock_release
 .text.__sinit_lock_acquire
                0x000000000800e66c        0xc c:/st/stm32cubeide_1.7.0/stm32cubeide/plugins/com.st.stm32cube.ide.mcu.externaltools.gnu-tools-for-stm32.9-2020-q2-update.win32_2.0.0.202105311346/tools/bin/../lib/gcc/arm-none-eabi/9.3.1/../../../../arm-none-eabi/lib/thumb/v7e-m+fp/hard\libc_nano.a(lib_a-findfp.o)
                0x000000000800e66c                __sinit_lock_acquire
 .text.__sinit_lock_release
                0x000000000800e678        0xc c:/st/stm32cubeide_1.7.0/stm32cubeide/plugins/com.st.stm32cube.ide.mcu.externaltools.gnu-tools-for-stm32.9-2020-q2-update.win32_2.0.0.202105311346/tools/bin/../lib/gcc/arm-none-eabi/9.3.1/../../../../arm-none-eabi/lib/thumb/v7e-m+fp/hard\libc_nano.a(lib_a-findfp.o)
                0x000000000800e678                __sinit_lock_release
 .text.__sinit  0x000000000800e684       0x70 c:/st/stm32cubeide_1.7.0/stm32cubeide/plugins/com.st.stm32cube.ide.mcu.externaltools.gnu-tools-for-stm32.9-2020-q2-update.win32_2.0.0.202105311346/tools/bin/../lib/gcc/arm-none-eabi/9.3.1/../../../../arm-none-eabi/lib/thumb/v7e-m+fp/hard\libc_nano.a(lib_a-findfp.o)
                0x000000000800e684                __sinit
 .text.__sfp    0x000000000800e6f4       0x8c c:/st/stm32cubeide_1.7.0/stm32cubeide/plugins/com.st.stm32cube.ide.mcu.externaltools.gnu-tools-for-stm32.9-2020-q2-update.win32_2.0.0.202105311346/tools/bin/../lib/gcc/arm-none-eabi/9.3.1/../../../../arm-none-eabi/lib/thumb/v7e-m+fp/hard\libc_nano.a(lib_a-findfp.o)
                0x000000000800e6f4                __sfp
 .text._fwalk_reent
                0x000000000800e780       0x3e c:/st/stm32cubeide_1.7.0/stm32cubeide/plugins/com.st.stm32cube.ide.mcu.externaltools.gnu-tools-for-stm32.9-2020-q2-update.win32_2.0.0.202105311346/tools/bin/../lib/gcc/arm-none-eabi/9.3.1/../../../../arm-none-eabi/lib/thumb/v7e-m+fp/hard\libc_nano.a(lib_a-fwalk.o)
                0x000000000800e780                _fwalk_reent
 *fill*         0x000000000800e7be        0x2 
 .text._localeconv_r
                0x000000000800e7c0        0x8 c:/st/stm32cubeide_1.7.0/stm32cubeide/plugins/com.st.stm32cube.ide.mcu.externaltools.gnu-tools-for-stm32.9-2020-q2-update.win32_2.0.0.202105311346/tools/bin/../lib/gcc/arm-none-eabi/9.3.1/../../../../arm-none-eabi/lib/thumb/v7e-m+fp/hard\libc_nano.a(lib_a-localeconv.o)
                0x000000000800e7c0                _localeconv_r
 .text.__retarget_lock_init_recursive
                0x000000000800e7c8        0x2 c:/st/stm32cubeide_1.7.0/stm32cubeide/plugins/com.st.stm32cube.ide.mcu.externaltools.gnu-tools-for-stm32.9-2020-q2-update.win32_2.0.0.202105311346/tools/bin/../lib/gcc/arm-none-eabi/9.3.1/../../../../arm-none-eabi/lib/thumb/v7e-m+fp/hard\libc_nano.a(lib_a-lock.o)
                0x000000000800e7c8                __retarget_lock_init_recursive
 .text.__retarget_lock_acquire_recursive
                0x000000000800e7ca        0x2 c:/st/stm32cubeide_1.7.0/stm32cubeide/plugins/com.st.stm32cube.ide.mcu.externaltools.gnu-tools-for-stm32.9-2020-q2-update.win32_2.0.0.202105311346/tools/bin/../lib/gcc/arm-none-eabi/9.3.1/../../../../arm-none-eabi/lib/thumb/v7e-m+fp/hard\libc_nano.a(lib_a-lock.o)
                0x000000000800e7ca                __retarget_lock_acquire_recursive
 .text.__retarget_lock_release_recursive
                0x000000000800e7cc        0x2 c:/st/stm32cubeide_1.7.0/stm32cubeide/plugins/com.st.stm32cube.ide.mcu.externaltools.gnu-tools-for-stm32.9-2020-q2-update.win32_2.0.0.202105311346/tools/bin/../lib/gcc/arm-none-eabi/9.3.1/../../../../arm-none-eabi/lib/thumb/v7e-m+fp/hard\libc_nano.a(lib_a-lock.o)
                0x000000000800e7cc                __retarget_lock_release_recursive
 .text.__swhatbuf_r
                0x000000000800e7ce       0x48 c:/st/stm32cubeide_1.7.0/stm32cubeide/plugins/com.st.stm32cube.ide.mcu.externaltools.gnu-tools-for-stm32.9-2020-q2-update.win32_2.0.0.202105311346/tools/bin/../lib/gcc/arm-none-eabi/9.3.1/../../../../arm-none-eabi/lib/thumb/v7e-m+fp/hard\libc_nano.a(lib_a-makebuf.o)
                0x000000000800e7ce                __swhatbuf_r
 *fill*         0x000000000800e816        0x2 
 .text.__smakebuf_r
                0x000000000800e818       0x80 c:/st/stm32cubeide_1.7.0/stm32cubeide/plugins/com.st.stm32cube.ide.mcu.externaltools.gnu-tools-for-stm32.9-2020-q2-update.win32_2.0.0.202105311346/tools/bin/../lib/gcc/arm-none-eabi/9.3.1/../../../../arm-none-eabi/lib/thumb/v7e-m+fp/hard\libc_nano.a(lib_a-makebuf.o)
                0x000000000800e818                __smakebuf_r
 .text.malloc   0x000000000800e898       0x10 c:/st/stm32cubeide_1.7.0/stm32cubeide/plugins/com.st.stm32cube.ide.mcu.externaltools.gnu-tools-for-stm32.9-2020-q2-update.win32_2.0.0.202105311346/tools/bin/../lib/gcc/arm-none-eabi/9.3.1/../../../../arm-none-eabi/lib/thumb/v7e-m+fp/hard\libc_nano.a(lib_a-malloc.o)
                0x000000000800e898                malloc
 .text.memcpy   0x000000000800e8a8       0x1c c:/st/stm32cubeide_1.7.0/stm32cubeide/plugins/com.st.stm32cube.ide.mcu.externaltools.gnu-tools-for-stm32.9-2020-q2-update.win32_2.0.0.202105311346/tools/bin/../lib/gcc/arm-none-eabi/9.3.1/../../../../arm-none-eabi/lib/thumb/v7e-m+fp/hard\libc_nano.a(lib_a-memcpy-stub.o)
                0x000000000800e8a8                memcpy
 .text._Balloc  0x000000000800e8c4       0x80 c:/st/stm32cubeide_1.7.0/stm32cubeide/plugins/com.st.stm32cube.ide.mcu.externaltools.gnu-tools-for-stm32.9-2020-q2-update.win32_2.0.0.202105311346/tools/bin/../lib/gcc/arm-none-eabi/9.3.1/../../../../arm-none-eabi/lib/thumb/v7e-m+fp/hard\libc_nano.a(lib_a-mprec.o)
                0x000000000800e8c4                _Balloc
 .text._Bfree   0x000000000800e944       0x44 c:/st/stm32cubeide_1.7.0/stm32cubeide/plugins/com.st.stm32cube.ide.mcu.externaltools.gnu-tools-for-stm32.9-2020-q2-update.win32_2.0.0.202105311346/tools/bin/../lib/gcc/arm-none-eabi/9.3.1/../../../../arm-none-eabi/lib/thumb/v7e-m+fp/hard\libc_nano.a(lib_a-mprec.o)
                0x000000000800e944                _Bfree
 .text.__multadd
                0x000000000800e988       0x94 c:/st/stm32cubeide_1.7.0/stm32cubeide/plugins/com.st.stm32cube.ide.mcu.externaltools.gnu-tools-for-stm32.9-2020-q2-update.win32_2.0.0.202105311346/tools/bin/../lib/gcc/arm-none-eabi/9.3.1/../../../../arm-none-eabi/lib/thumb/v7e-m+fp/hard\libc_nano.a(lib_a-mprec.o)
                0x000000000800e988                __multadd
 .text.__hi0bits
                0x000000000800ea1c       0x40 c:/st/stm32cubeide_1.7.0/stm32cubeide/plugins/com.st.stm32cube.ide.mcu.externaltools.gnu-tools-for-stm32.9-2020-q2-update.win32_2.0.0.202105311346/tools/bin/../lib/gcc/arm-none-eabi/9.3.1/../../../../arm-none-eabi/lib/thumb/v7e-m+fp/hard\libc_nano.a(lib_a-mprec.o)
                0x000000000800ea1c                __hi0bits
 .text.__lo0bits
                0x000000000800ea5c       0x60 c:/st/stm32cubeide_1.7.0/stm32cubeide/plugins/com.st.stm32cube.ide.mcu.externaltools.gnu-tools-for-stm32.9-2020-q2-update.win32_2.0.0.202105311346/tools/bin/../lib/gcc/arm-none-eabi/9.3.1/../../../../arm-none-eabi/lib/thumb/v7e-m+fp/hard\libc_nano.a(lib_a-mprec.o)
                0x000000000800ea5c                __lo0bits
 .text.__i2b    0x000000000800eabc       0x2c c:/st/stm32cubeide_1.7.0/stm32cubeide/plugins/com.st.stm32cube.ide.mcu.externaltools.gnu-tools-for-stm32.9-2020-q2-update.win32_2.0.0.202105311346/tools/bin/../lib/gcc/arm-none-eabi/9.3.1/../../../../arm-none-eabi/lib/thumb/v7e-m+fp/hard\libc_nano.a(lib_a-mprec.o)
                0x000000000800eabc                __i2b
 .text.__multiply
                0x000000000800eae8      0x14c c:/st/stm32cubeide_1.7.0/stm32cubeide/plugins/com.st.stm32cube.ide.mcu.externaltools.gnu-tools-for-stm32.9-2020-q2-update.win32_2.0.0.202105311346/tools/bin/../lib/gcc/arm-none-eabi/9.3.1/../../../../arm-none-eabi/lib/thumb/v7e-m+fp/hard\libc_nano.a(lib_a-mprec.o)
                0x000000000800eae8                __multiply
 .text.__pow5mult
                0x000000000800ec34       0xb4 c:/st/stm32cubeide_1.7.0/stm32cubeide/plugins/com.st.stm32cube.ide.mcu.externaltools.gnu-tools-for-stm32.9-2020-q2-update.win32_2.0.0.202105311346/tools/bin/../lib/gcc/arm-none-eabi/9.3.1/../../../../arm-none-eabi/lib/thumb/v7e-m+fp/hard\libc_nano.a(lib_a-mprec.o)
                0x000000000800ec34                __pow5mult
 .text.__lshift
                0x000000000800ece8       0xd8 c:/st/stm32cubeide_1.7.0/stm32cubeide/plugins/com.st.stm32cube.ide.mcu.externaltools.gnu-tools-for-stm32.9-2020-q2-update.win32_2.0.0.202105311346/tools/bin/../lib/gcc/arm-none-eabi/9.3.1/../../../../arm-none-eabi/lib/thumb/v7e-m+fp/hard\libc_nano.a(lib_a-mprec.o)
                0x000000000800ece8                __lshift
 .text.__mcmp   0x000000000800edc0       0x38 c:/st/stm32cubeide_1.7.0/stm32cubeide/plugins/com.st.stm32cube.ide.mcu.externaltools.gnu-tools-for-stm32.9-2020-q2-update.win32_2.0.0.202105311346/tools/bin/../lib/gcc/arm-none-eabi/9.3.1/../../../../arm-none-eabi/lib/thumb/v7e-m+fp/hard\libc_nano.a(lib_a-mprec.o)
                0x000000000800edc0                __mcmp
 .text.__mdiff  0x000000000800edf8      0x110 c:/st/stm32cubeide_1.7.0/stm32cubeide/plugins/com.st.stm32cube.ide.mcu.externaltools.gnu-tools-for-stm32.9-2020-q2-update.win32_2.0.0.202105311346/tools/bin/../lib/gcc/arm-none-eabi/9.3.1/../../../../arm-none-eabi/lib/thumb/v7e-m+fp/hard\libc_nano.a(lib_a-mprec.o)
                0x000000000800edf8                __mdiff
 .text.__d2b    0x000000000800ef08       0xb8 c:/st/stm32cubeide_1.7.0/stm32cubeide/plugins/com.st.stm32cube.ide.mcu.externaltools.gnu-tools-for-stm32.9-2020-q2-update.win32_2.0.0.202105311346/tools/bin/../lib/gcc/arm-none-eabi/9.3.1/../../../../arm-none-eabi/lib/thumb/v7e-m+fp/hard\libc_nano.a(lib_a-mprec.o)
                0x000000000800ef08                __d2b
 .text._calloc_r
                0x000000000800efc0       0x1e c:/st/stm32cubeide_1.7.0/stm32cubeide/plugins/com.st.stm32cube.ide.mcu.externaltools.gnu-tools-for-stm32.9-2020-q2-update.win32_2.0.0.202105311346/tools/bin/../lib/gcc/arm-none-eabi/9.3.1/../../../../arm-none-eabi/lib/thumb/v7e-m+fp/hard\libc_nano.a(lib_a-nano-callocr.o)
                0x000000000800efc0                _calloc_r
 *fill*         0x000000000800efde        0x2 
 .text._free_r  0x000000000800efe0       0xa0 c:/st/stm32cubeide_1.7.0/stm32cubeide/plugins/com.st.stm32cube.ide.mcu.externaltools.gnu-tools-for-stm32.9-2020-q2-update.win32_2.0.0.202105311346/tools/bin/../lib/gcc/arm-none-eabi/9.3.1/../../../../arm-none-eabi/lib/thumb/v7e-m+fp/hard\libc_nano.a(lib_a-nano-freer.o)
                0x000000000800efe0                _free_r
 .text._malloc_r
                0x000000000800f080       0xb4 c:/st/stm32cubeide_1.7.0/stm32cubeide/plugins/com.st.stm32cube.ide.mcu.externaltools.gnu-tools-for-stm32.9-2020-q2-update.win32_2.0.0.202105311346/tools/bin/../lib/gcc/arm-none-eabi/9.3.1/../../../../arm-none-eabi/lib/thumb/v7e-m+fp/hard\libc_nano.a(lib_a-nano-mallocr.o)
                0x000000000800f080                _malloc_r
 .text._sbrk_r  0x000000000800f134       0x20 c:/st/stm32cubeide_1.7.0/stm32cubeide/plugins/com.st.stm32cube.ide.mcu.externaltools.gnu-tools-for-stm32.9-2020-q2-update.win32_2.0.0.202105311346/tools/bin/../lib/gcc/arm-none-eabi/9.3.1/../../../../arm-none-eabi/lib/thumb/v7e-m+fp/hard\libc_nano.a(lib_a-sbrkr.o)
                0x000000000800f134                _sbrk_r
 .text.__sread  0x000000000800f154       0x22 c:/st/stm32cubeide_1.7.0/stm32cubeide/plugins/com.st.stm32cube.ide.mcu.externaltools.gnu-tools-for-stm32.9-2020-q2-update.win32_2.0.0.202105311346/tools/bin/../lib/gcc/arm-none-eabi/9.3.1/../../../../arm-none-eabi/lib/thumb/v7e-m+fp/hard\libc_nano.a(lib_a-stdio.o)
                0x000000000800f154                __sread
 .text.__swrite
                0x000000000800f176       0x38 c:/st/stm32cubeide_1.7.0/stm32cubeide/plugins/com.st.stm32cube.ide.mcu.externaltools.gnu-tools-for-stm32.9-2020-q2-update.win32_2.0.0.202105311346/tools/bin/../lib/gcc/arm-none-eabi/9.3.1/../../../../arm-none-eabi/lib/thumb/v7e-m+fp/hard\libc_nano.a(lib_a-stdio.o)
                0x000000000800f176                __swrite
 .text.__sseek  0x000000000800f1ae       0x24 c:/st/stm32cubeide_1.7.0/stm32cubeide/plugins/com.st.stm32cube.ide.mcu.externaltools.gnu-tools-for-stm32.9-2020-q2-update.win32_2.0.0.202105311346/tools/bin/../lib/gcc/arm-none-eabi/9.3.1/../../../../arm-none-eabi/lib/thumb/v7e-m+fp/hard\libc_nano.a(lib_a-stdio.o)
                0x000000000800f1ae                __sseek
 .text.__sclose
                0x000000000800f1d2        0x8 c:/st/stm32cubeide_1.7.0/stm32cubeide/plugins/com.st.stm32cube.ide.mcu.externaltools.gnu-tools-for-stm32.9-2020-q2-update.win32_2.0.0.202105311346/tools/bin/../lib/gcc/arm-none-eabi/9.3.1/../../../../arm-none-eabi/lib/thumb/v7e-m+fp/hard\libc_nano.a(lib_a-stdio.o)
                0x000000000800f1d2                __sclose
 *fill*         0x000000000800f1da        0x2 
 .text._write_r
                0x000000000800f1dc       0x24 c:/st/stm32cubeide_1.7.0/stm32cubeide/plugins/com.st.stm32cube.ide.mcu.externaltools.gnu-tools-for-stm32.9-2020-q2-update.win32_2.0.0.202105311346/tools/bin/../lib/gcc/arm-none-eabi/9.3.1/../../../../arm-none-eabi/lib/thumb/v7e-m+fp/hard\libc_nano.a(lib_a-writer.o)
                0x000000000800f1dc                _write_r
 .text.__assert_func
                0x000000000800f200       0x3c c:/st/stm32cubeide_1.7.0/stm32cubeide/plugins/com.st.stm32cube.ide.mcu.externaltools.gnu-tools-for-stm32.9-2020-q2-update.win32_2.0.0.202105311346/tools/bin/../lib/gcc/arm-none-eabi/9.3.1/../../../../arm-none-eabi/lib/thumb/v7e-m+fp/hard\libc_nano.a(lib_a-assert.o)
                0x000000000800f200                __assert_func
 .text._close_r
                0x000000000800f23c       0x20 c:/st/stm32cubeide_1.7.0/stm32cubeide/plugins/com.st.stm32cube.ide.mcu.externaltools.gnu-tools-for-stm32.9-2020-q2-update.win32_2.0.0.202105311346/tools/bin/../lib/gcc/arm-none-eabi/9.3.1/../../../../arm-none-eabi/lib/thumb/v7e-m+fp/hard\libc_nano.a(lib_a-closer.o)
                0x000000000800f23c                _close_r
 .text.fprintf  0x000000000800f25c       0x24 c:/st/stm32cubeide_1.7.0/stm32cubeide/plugins/com.st.stm32cube.ide.mcu.externaltools.gnu-tools-for-stm32.9-2020-q2-update.win32_2.0.0.202105311346/tools/bin/../lib/gcc/arm-none-eabi/9.3.1/../../../../arm-none-eabi/lib/thumb/v7e-m+fp/hard\libc_nano.a(lib_a-fprintf.o)
                0x000000000800f25c                fiprintf
                0x000000000800f25c                fprintf
 .text._fstat_r
                0x000000000800f280       0x24 c:/st/stm32cubeide_1.7.0/stm32cubeide/plugins/com.st.stm32cube.ide.mcu.externaltools.gnu-tools-for-stm32.9-2020-q2-update.win32_2.0.0.202105311346/tools/bin/../lib/gcc/arm-none-eabi/9.3.1/../../../../arm-none-eabi/lib/thumb/v7e-m+fp/hard\libc_nano.a(lib_a-fstatr.o)
                0x000000000800f280                _fstat_r
 .text._isatty_r
                0x000000000800f2a4       0x20 c:/st/stm32cubeide_1.7.0/stm32cubeide/plugins/com.st.stm32cube.ide.mcu.externaltools.gnu-tools-for-stm32.9-2020-q2-update.win32_2.0.0.202105311346/tools/bin/../lib/gcc/arm-none-eabi/9.3.1/../../../../arm-none-eabi/lib/thumb/v7e-m+fp/hard\libc_nano.a(lib_a-isattyr.o)
                0x000000000800f2a4                _isatty_r
 .text._lseek_r
                0x000000000800f2c4       0x24 c:/st/stm32cubeide_1.7.0/stm32cubeide/plugins/com.st.stm32cube.ide.mcu.externaltools.gnu-tools-for-stm32.9-2020-q2-update.win32_2.0.0.202105311346/tools/bin/../lib/gcc/arm-none-eabi/9.3.1/../../../../arm-none-eabi/lib/thumb/v7e-m+fp/hard\libc_nano.a(lib_a-lseekr.o)
                0x000000000800f2c4                _lseek_r
 .text.__ascii_mbtowc
                0x000000000800f2e8       0x24 c:/st/stm32cubeide_1.7.0/stm32cubeide/plugins/com.st.stm32cube.ide.mcu.externaltools.gnu-tools-for-stm32.9-2020-q2-update.win32_2.0.0.202105311346/tools/bin/../lib/gcc/arm-none-eabi/9.3.1/../../../../arm-none-eabi/lib/thumb/v7e-m+fp/hard\libc_nano.a(lib_a-mbtowc_r.o)
                0x000000000800f2e8                __ascii_mbtowc
 .text.__malloc_lock
                0x000000000800f30c        0xc c:/st/stm32cubeide_1.7.0/stm32cubeide/plugins/com.st.stm32cube.ide.mcu.externaltools.gnu-tools-for-stm32.9-2020-q2-update.win32_2.0.0.202105311346/tools/bin/../lib/gcc/arm-none-eabi/9.3.1/../../../../arm-none-eabi/lib/thumb/v7e-m+fp/hard\libc_nano.a(lib_a-mlock.o)
                0x000000000800f30c                __malloc_lock
 .text.__malloc_unlock
                0x000000000800f318        0xc c:/st/stm32cubeide_1.7.0/stm32cubeide/plugins/com.st.stm32cube.ide.mcu.externaltools.gnu-tools-for-stm32.9-2020-q2-update.win32_2.0.0.202105311346/tools/bin/../lib/gcc/arm-none-eabi/9.3.1/../../../../arm-none-eabi/lib/thumb/v7e-m+fp/hard\libc_nano.a(lib_a-mlock.o)
                0x000000000800f318                __malloc_unlock
 .text.__sfputc_r
                0x000000000800f324       0x2e c:/st/stm32cubeide_1.7.0/stm32cubeide/plugins/com.st.stm32cube.ide.mcu.externaltools.gnu-tools-for-stm32.9-2020-q2-update.win32_2.0.0.202105311346/tools/bin/../lib/gcc/arm-none-eabi/9.3.1/../../../../arm-none-eabi/lib/thumb/v7e-m+fp/hard\libc_nano.a(lib_a-nano-vfprintf.o)
 .text.__sfputs_r
                0x000000000800f352       0x24 c:/st/stm32cubeide_1.7.0/stm32cubeide/plugins/com.st.stm32cube.ide.mcu.externaltools.gnu-tools-for-stm32.9-2020-q2-update.win32_2.0.0.202105311346/tools/bin/../lib/gcc/arm-none-eabi/9.3.1/../../../../arm-none-eabi/lib/thumb/v7e-m+fp/hard\libc_nano.a(lib_a-nano-vfprintf.o)
                0x000000000800f352                __sfputs_r
 *fill*         0x000000000800f376        0x2 
 .text._vfprintf_r
                0x000000000800f378      0x260 c:/st/stm32cubeide_1.7.0/stm32cubeide/plugins/com.st.stm32cube.ide.mcu.externaltools.gnu-tools-for-stm32.9-2020-q2-update.win32_2.0.0.202105311346/tools/bin/../lib/gcc/arm-none-eabi/9.3.1/../../../../arm-none-eabi/lib/thumb/v7e-m+fp/hard\libc_nano.a(lib_a-nano-vfprintf.o)
                0x000000000800f378                _vfprintf_r
                0x000000000800f378                _vfiprintf_r
 .text._read_r  0x000000000800f5d8       0x24 c:/st/stm32cubeide_1.7.0/stm32cubeide/plugins/com.st.stm32cube.ide.mcu.externaltools.gnu-tools-for-stm32.9-2020-q2-update.win32_2.0.0.202105311346/tools/bin/../lib/gcc/arm-none-eabi/9.3.1/../../../../arm-none-eabi/lib/thumb/v7e-m+fp/hard\libc_nano.a(lib_a-readr.o)
                0x000000000800f5d8                _read_r
 .text.__swbuf_r
                0x000000000800f5fc       0xa4 c:/st/stm32cubeide_1.7.0/stm32cubeide/plugins/com.st.stm32cube.ide.mcu.externaltools.gnu-tools-for-stm32.9-2020-q2-update.win32_2.0.0.202105311346/tools/bin/../lib/gcc/arm-none-eabi/9.3.1/../../../../arm-none-eabi/lib/thumb/v7e-m+fp/hard\libc_nano.a(lib_a-wbuf.o)
                0x000000000800f5fc                __swbuf_r
 .text.__ascii_wctomb
                0x000000000800f6a0       0x1a c:/st/stm32cubeide_1.7.0/stm32cubeide/plugins/com.st.stm32cube.ide.mcu.externaltools.gnu-tools-for-stm32.9-2020-q2-update.win32_2.0.0.202105311346/tools/bin/../lib/gcc/arm-none-eabi/9.3.1/../../../../arm-none-eabi/lib/thumb/v7e-m+fp/hard\libc_nano.a(lib_a-wctomb_r.o)
                0x000000000800f6a0                __ascii_wctomb
 *fill*         0x000000000800f6ba        0x2 
 .text.__swsetup_r
                0x000000000800f6bc       0xdc c:/st/stm32cubeide_1.7.0/stm32cubeide/plugins/com.st.stm32cube.ide.mcu.externaltools.gnu-tools-for-stm32.9-2020-q2-update.win32_2.0.0.202105311346/tools/bin/../lib/gcc/arm-none-eabi/9.3.1/../../../../arm-none-eabi/lib/thumb/v7e-m+fp/hard\libc_nano.a(lib_a-wsetup.o)
                0x000000000800f6bc                __swsetup_r
 .text.abort    0x000000000800f798        0xe c:/st/stm32cubeide_1.7.0/stm32cubeide/plugins/com.st.stm32cube.ide.mcu.externaltools.gnu-tools-for-stm32.9-2020-q2-update.win32_2.0.0.202105311346/tools/bin/../lib/gcc/arm-none-eabi/9.3.1/../../../../arm-none-eabi/lib/thumb/v7e-m+fp/hard\libc_nano.a(lib_a-abort.o)
                0x000000000800f798                abort
 .text._raise_r