stm32l4xx_ll_rtc.h:1779:26:LL_RTC_TIME_GetSubSecond	16	static
rtc_if.c:215:21:RTC_IF_Init	112	static
rtc_if.c:248:21:RTC_IF_StartTimer	24	static
rtc_if.c:270:21:RTC_IF_StopTimer	8	static
rtc_if.c:279:10:RTC_IF_SetTimerContext	8	static
rtc_if.c:288:10:RTC_IF_GetTimerContext	4	static
rtc_if.c:295:10:RTC_IF_GetTimerElapsedTime	40	static
rtc_if.c:305:10:RTC_IF_GetTimerValue	40	static
rtc_if.c:318:10:RTC_IF_GetMinimumTimeout	4	static
rtc_if.c:323:10:RTC_IF_Convert_ms2Tick	16	static
rtc_if.c:328:10:RTC_IF_Convert_Tick2ms	32	static
rtc_if.c:333:6:RTC_IF_DelayMs	24	static,ignoring_inline_asm
rtc_if.c:353:6:HAL_RTC_AlarmAEventCallback	16	static
rtc_if.c:358:10:RTC_IF_GetTime	56	static
rtc_if.c:375:6:RTC_IF_BkUp_Write_Seconds	16	static
rtc_if.c:380:6:RTC_IF_BkUp_Write_SubSeconds	16	static
rtc_if.c:385:10:RTC_IF_BkUp_Read_Seconds	8	static
rtc_if.c:390:10:RTC_IF_BkUp_Read_SubSeconds	8	static
rtc_if.c:407:13:RTC_StartWakeUpAlarm	64	static
rtc_if.c:518:17:RTC_GetCalendarValue	32	static
