sys_app.c:85:6:SystemApp_Init	8	static
sys_app.c:130:6:HW_IoInit	8	static
sys_app.c:144:6:HW_IoDeInit	8	static
sys_app.c:160:6:UTIL_SEQ_Idle	8	static
sys_app.c:171:9:GetBatteryLevel	16	static
sys_app.c:203:7:GetTemperatureLevel	16	static
sys_app.c:214:6:GetUniqueId	32	static
sys_app.c:236:10:GetDevAddr	16	static
sys_app.c:242:6:GetVibrationData	16	static
sys_app.c:251:6:Gpio_PreInit	48	static
sys_app.c:294:6:UTIL_ADV_TRACE_PreSendHook	8	static
sys_app.c:305:6:UTIL_ADV_TRACE_PostSendHook	8	static
sys_app.c:328:19:HAL_InitTick	16	static
sys_app.c:345:10:HAL_GetTick	8	static
sys_app.c:361:6:HAL_Delay	16	static
