lora_driver.c:158:11:Lora_Init	16	static
lora_driver.c:185:6:Lora_Reset	8	static
lora_driver.c:198:12:Lora_Join	24	static
lora_driver.c:402:12:Lora_JoinAccept	16	static
lora_driver.c:442:12:Lora_SetJoinMode	24	static
lora_driver.c:458:12:Lora_GetJoinMode	24	static
lora_driver.c:526:12:LoRa_SetKey	24	static
lora_driver.c:540:12:LoRa_GetKey	128	static
lora_driver.c:566:12:LoRa_SetAppID	24	static
lora_driver.c:580:12:LoRa_GetAppID	64	static
lora_driver.c:633:12:LoRa_SetDeviceID	24	static
lora_driver.c:646:12:LoRa_GetDeviceID	64	static
lora_driver.c:701:12:LoRa_SetDeviceAddress	24	static
lora_driver.c:714:12:LoRa_GetDeviceAddress	32	static
lora_driver.c:751:12:LoRa_SetNetworkID	24	static
lora_driver.c:765:12:LoRa_GetNetworkID	32	static
lora_driver.c:792:12:Lora_SetAdaptiveDataRate	24	static
lora_driver.c:806:12:Lora_GetAdaptiveDataRate	24	static
lora_driver.c:819:12:Lora_SetClass	24	static
lora_driver.c:833:12:Lora_GetClass	24	static
lora_driver.c:847:12:Lora_SetDutyCycle	24	static
lora_driver.c:862:12:Lora_GetDutyCycle	24	static
lora_driver.c:876:12:Lora_SetDataRate	24	static
lora_driver.c:890:12:Lora_GetDataRate	24	static
lora_driver.c:903:12:LoRa_SetFrameCounter	24	static
lora_driver.c:917:12:LoRa_GetFrameCounter	24	static
lora_driver.c:943:12:LoRa_SetJoinDelayRxWind	24	static
lora_driver.c:958:12:LoRa_GetJoinDelayRxWind	24	static
lora_driver.c:979:12:Lora_SetPublicNetworkMode	24	static
lora_driver.c:992:12:Lora_GetPublicNetworkMode	24	static
lora_driver.c:1006:12:LoRa_SetDelayRxWind	24	static
lora_driver.c:1021:12:LoRa_GetDelayRxWind	24	static
lora_driver.c:1046:12:LoRa_SetFreqRxWind2	24	static
lora_driver.c:1060:12:LoRa_GetFreqRxWind2	24	static
lora_driver.c:1082:12:Lora_SetTxPower	24	static
lora_driver.c:1095:12:Lora_GetTxPower	24	static
lora_driver.c:1107:12:Lora_SetDataRateRxWind2	24	static
lora_driver.c:1121:12:Lora_GetDataRateRxWind2	24	static
lora_driver.c:1213:12:Lora_GetBatLevel	24	static
lora_driver.c:1259:12:Lora_SendData	24	static
lora_driver.c:1275:12:Lora_SendDataBin	24	static
lora_driver.c:1464:12:Lora_ReceivedData	24	static
lora_driver.c:1538:12:Lora_ReceivedDataBin	24	static
lora_driver.c:1577:12:Lora_SetSendMsgConfirm	24	static
lora_driver.c:1591:12:Lora_GetSendMsgConfirm	24	static
lora_driver.c:1605:12:Lora_GetSendMsgStatus	24	static
lora_driver.c:1618:12:Lora_GetRSSI	24	static
lora_driver.c:1641:12:Lora_GetSNR	24	static
lora_driver.c:1663:12:Lora_GetVersion	24	static
lora_driver.c:1909:6:Lora_fsm	32	static
lora_driver.c:2070:6:Lora_Ctx_Init	16	static
lora_driver.c:2085:15:lora_getDeviceState	4	static
lora_driver.c:2090:15:lora_getDeviceSubState	4	static
lora_driver.c:2103:13:Lora_OnNextSensorMeasureTimerEvt	16	static
lora_driver.c:2112:6:HAL_RTCEx_WakeUpTimerEventCallback	16	static
lora_driver.c:2125:13:Lora_OnJoinStatusDelayTimerEvt	16	static
lora_driver.c:2137:13:Lora_OnLedTimerEvent	16	static
lora_driver.c:2148:13:BSP_LED_On	16	static
lora_driver.c:2160:13:BSP_LED_Off	16	static
lora_driver.c:2171:6:BSP_LED_Toggle	16	static
