lora_driver.c:158:11:Lora_Init	16	static
lora_driver.c:183:6:Lora_Reset	8	static
lora_driver.c:196:12:Lora_Join	24	static
lora_driver.c:400:12:Lora_JoinAccept	16	static
lora_driver.c:440:12:Lora_SetJoinMode	24	static
lora_driver.c:456:12:Lora_GetJoinMode	24	static
lora_driver.c:524:12:LoRa_SetKey	24	static
lora_driver.c:538:12:LoRa_GetKey	128	static
lora_driver.c:564:12:LoRa_SetAppID	24	static
lora_driver.c:578:12:LoRa_GetAppID	64	static
lora_driver.c:631:12:LoRa_SetDeviceID	24	static
lora_driver.c:644:12:LoRa_GetDeviceID	64	static
lora_driver.c:699:12:LoRa_SetDeviceAddress	24	static
lora_driver.c:712:12:LoRa_GetDeviceAddress	32	static
lora_driver.c:749:12:LoRa_SetNetworkID	24	static
lora_driver.c:763:12:LoRa_GetNetworkID	32	static
lora_driver.c:790:12:Lora_SetAdaptiveDataRate	24	static
lora_driver.c:804:12:Lora_GetAdaptiveDataRate	24	static
lora_driver.c:817:12:Lora_SetClass	24	static
lora_driver.c:831:12:Lora_GetClass	24	static
lora_driver.c:845:12:Lora_SetDutyCycle	24	static
lora_driver.c:860:12:Lora_GetDutyCycle	24	static
lora_driver.c:874:12:Lora_SetDataRate	24	static
lora_driver.c:888:12:Lora_GetDataRate	24	static
lora_driver.c:901:12:LoRa_SetFrameCounter	24	static
lora_driver.c:915:12:LoRa_GetFrameCounter	24	static
lora_driver.c:941:12:LoRa_SetJoinDelayRxWind	24	static
lora_driver.c:956:12:LoRa_GetJoinDelayRxWind	24	static
lora_driver.c:977:12:Lora_SetPublicNetworkMode	24	static
lora_driver.c:990:12:Lora_GetPublicNetworkMode	24	static
lora_driver.c:1004:12:LoRa_SetDelayRxWind	24	static
lora_driver.c:1019:12:LoRa_GetDelayRxWind	24	static
lora_driver.c:1044:12:LoRa_SetFreqRxWind2	24	static
lora_driver.c:1058:12:LoRa_GetFreqRxWind2	24	static
lora_driver.c:1080:12:Lora_SetTxPower	24	static
lora_driver.c:1093:12:Lora_GetTxPower	24	static
lora_driver.c:1105:12:Lora_SetDataRateRxWind2	24	static
lora_driver.c:1119:12:Lora_GetDataRateRxWind2	24	static
lora_driver.c:1211:12:Lora_GetBatLevel	24	static
lora_driver.c:1257:12:Lora_SendData	24	static
lora_driver.c:1273:12:Lora_SendDataBin	24	static
lora_driver.c:1462:12:Lora_ReceivedData	24	static
lora_driver.c:1536:12:Lora_ReceivedDataBin	24	static
lora_driver.c:1575:12:Lora_SetSendMsgConfirm	24	static
lora_driver.c:1589:12:Lora_GetSendMsgConfirm	24	static
lora_driver.c:1603:12:Lora_GetSendMsgStatus	24	static
lora_driver.c:1616:12:Lora_GetRSSI	24	static
lora_driver.c:1639:12:Lora_GetSNR	24	static
lora_driver.c:1661:12:Lora_GetVersion	24	static
lora_driver.c:1907:6:Lora_fsm	40	static
lora_driver.c:2062:6:Lora_Ctx_Init	16	static
lora_driver.c:2077:15:lora_getDeviceState	4	static
lora_driver.c:2082:15:lora_getDeviceSubState	4	static
lora_driver.c:2095:13:Lora_OnNextSensorMeasureTimerEvt	16	static
lora_driver.c:2103:6:HAL_RTCEx_WakeUpTimerEventCallback	16	static
lora_driver.c:2115:13:Lora_OnJoinStatusDelayTimerEvt	16	static
lora_driver.c:2127:13:Lora_OnLedTimerEvent	16	static
lora_driver.c:2138:13:BSP_LED_On	16	static
lora_driver.c:2150:13:BSP_LED_Off	16	static
lora_driver.c:2161:6:BSP_LED_Toggle	16	static
